2024-10-18 13:21:30,839 INFO o.a.j.u.JMeterUtils: Setting Locale to en_EN
2024-10-18 13:21:30,862 INFO o.a.j.JMeter: Loading user properties from: /opt/homebrew/Cellar/jmeter/5.6.3/libexec/bin/user.properties
2024-10-18 13:21:30,863 INFO o.a.j.JMeter: Loading system properties from: /opt/homebrew/Cellar/jmeter/5.6.3/libexec/bin/system.properties
2024-10-18 13:21:30,865 INFO o.a.j.JMeter: Copyright (c) 1998-2024 The Apache Software Foundation
2024-10-18 13:21:30,865 INFO o.a.j.JMeter: Version 5.6.3
2024-10-18 13:21:30,865 INFO o.a.j.JMeter: java.version=21.0.4
2024-10-18 13:21:30,865 INFO o.a.j.JMeter: java.vm.name=OpenJDK 64-Bit Server VM
2024-10-18 13:21:30,865 INFO o.a.j.JMeter: os.name=Mac OS X
2024-10-18 13:21:30,865 INFO o.a.j.JMeter: os.arch=aarch64
2024-10-18 13:21:30,866 INFO o.a.j.JMeter: os.version=14.6.1
2024-10-18 13:21:30,866 INFO o.a.j.JMeter: file.encoding=UTF-8
2024-10-18 13:21:30,866 INFO o.a.j.JMeter: java.awt.headless=null
2024-10-18 13:21:30,866 INFO o.a.j.JMeter: Max memory     =1073741824
2024-10-18 13:21:30,866 INFO o.a.j.JMeter: Available Processors =8
2024-10-18 13:21:30,870 INFO o.a.j.JMeter: Default Locale=English (EN)
2024-10-18 13:21:30,871 INFO o.a.j.JMeter: JMeter  Locale=English (EN)
2024-10-18 13:21:30,871 INFO o.a.j.JMeter: JMeterHome=/opt/homebrew/Cellar/jmeter/5.6.3/libexec
2024-10-18 13:21:30,871 INFO o.a.j.JMeter: user.dir  =/Users/numcys/Github/app-examples
2024-10-18 13:21:30,871 INFO o.a.j.JMeter: PWD       =/Users/numcys/Github/app-examples
2024-10-18 13:21:30,872 INFO o.a.j.JMeter: IP: 127.0.0.1 Name: Namans-MacBook-Air.local FullName: localhost
2024-10-18 13:21:30,877 INFO o.a.j.JMeter: Loaded icon properties from org/apache/jmeter/images/icon.properties
2024-10-18 13:21:31,342 INFO o.a.j.JMeterGuiLauncher: Setting LAF to: com.github.weisj.darklaf.DarkLaf:com.github.weisj.darklaf.theme.DarculaTheme
2024-10-18 13:21:32,320 INFO o.a.j.r.ClassFinder: Will scan jar /opt/homebrew/Cellar/jmeter/5.6.3/libexec/lib/ext/jmeter-plugins-manager-1.9.jar with filter ExtendsClassFilter [parents=[interface org.apache.jmeter.gui.action.Command], inner=false, contains=null, notContains=null]. Consider exposing JMeter plugins via META-INF/services, and add JMeter-Skip-Class-Scanning=true manifest attribute so JMeter can skip classfile scanning
2024-10-18 13:21:32,369 INFO o.a.j.r.ClassFinder: Will scan jar /opt/homebrew/Cellar/jmeter/5.6.3/libexec/lib/ext/jmeter-plugins-manager-1.9.jar with filter ExtendsClassFilter [parents=[interface org.apache.jmeter.gui.plugin.MenuCreator], inner=false, contains=null, notContains=null]. Consider exposing JMeter plugins via META-INF/services, and add JMeter-Skip-Class-Scanning=true manifest attribute so JMeter can skip classfile scanning
2024-10-18 13:21:32,422 INFO o.j.r.JARSourceHTTP: Requesting https://jmeter-plugins.org/repo/?installID=mac_os_x-0c66180a029b5f3d7666904c919fe207-gui
2024-10-18 13:21:35,606 INFO o.j.r.PluginManager: Plugins Status: [jpgc-plugins-manager=1.9, jmeter-core=5.6.3, jmeter-ftp=5.6.3, jmeter-http=5.6.3, jmeter-jdbc=5.6.3, jmeter-jms=5.6.3, jmeter-junit=5.6.3, jmeter-java=5.6.3, jmeter-ldap=5.6.3, jmeter-mail=5.6.3, jmeter-mongodb=5.6.3, jmeter-native=5.6.3, jmeter-tcp=5.6.3, jmeter-components=5.6.3]
2024-10-18 13:21:35,607 INFO o.j.r.PluginManagerMenuItem: Plugins Manager has upgrades: [jpgc-plugins-manager]
2024-10-18 13:22:05,054 INFO o.a.j.p.h.s.HTTPSamplerBase: Parser for text/html is org.apache.jmeter.protocol.http.parser.LagartoBasedHtmlParser
2024-10-18 13:22:05,054 INFO o.a.j.p.h.s.HTTPSamplerBase: Parser for application/xhtml+xml is org.apache.jmeter.protocol.http.parser.LagartoBasedHtmlParser
2024-10-18 13:22:05,054 INFO o.a.j.p.h.s.HTTPSamplerBase: Parser for application/xml is org.apache.jmeter.protocol.http.parser.LagartoBasedHtmlParser
2024-10-18 13:22:05,055 INFO o.a.j.p.h.s.HTTPSamplerBase: Parser for text/xml is org.apache.jmeter.protocol.http.parser.LagartoBasedHtmlParser
2024-10-18 13:22:05,055 INFO o.a.j.p.h.s.HTTPSamplerBase: Parser for text/vnd.wap.wml is org.apache.jmeter.protocol.http.parser.RegexpHTMLParser
2024-10-18 13:22:05,055 INFO o.a.j.p.h.s.HTTPSamplerBase: Parser for text/css is org.apache.jmeter.protocol.http.parser.CssParser
2024-10-18 13:22:43,288 INFO o.a.j.s.FileServer: Default base='/Users/numcys/Github/app-examples'
2024-10-18 13:22:43,289 INFO o.a.j.s.FileServer: Set new base='/Users/numcys/Github/app-examples'
2024-10-18 13:22:43,378 INFO o.a.j.s.SaveService: Testplan (JMX) version: 2.2. Testlog (JTL) version: 2.2
2024-10-18 13:22:43,381 INFO o.a.j.s.SaveService: Using SaveService properties version 5.0
2024-10-18 13:22:43,382 INFO o.a.j.s.SaveService: Using SaveService properties file encoding UTF-8
2024-10-18 13:22:43,389 INFO o.a.j.e.StandardJMeterEngine: Running the test!
2024-10-18 13:22:43,390 INFO o.a.j.s.SampleEvent: List of sample_variables: []
2024-10-18 13:22:43,390 INFO o.a.j.s.SampleEvent: List of sample_variables: []
2024-10-18 13:22:43,390 INFO o.a.j.e.u.CompoundVariable: Note: Function class names must contain the string: '.functions.'
2024-10-18 13:22:43,390 INFO o.a.j.e.u.CompoundVariable: Note: Function class names must not contain the string: '.gui.'
2024-10-18 13:22:43,410 INFO o.a.j.r.ClassFinder: Will scan jar /opt/homebrew/Cellar/jmeter/5.6.3/libexec/lib/ext/jmeter-plugins-manager-1.9.jar with filter ExtendsClassFilter [parents=[interface org.apache.jmeter.functions.Function], inner=false, contains=null, notContains=null]. Consider exposing JMeter plugins via META-INF/services, and add JMeter-Skip-Class-Scanning=true manifest attribute so JMeter can skip classfile scanning
2024-10-18 13:22:43,413 INFO o.a.j.g.u.JMeterMenuBar: setRunning(true, *local*)
2024-10-18 13:22:43,433 INFO o.a.j.e.StandardJMeterEngine: Starting ThreadGroup: 1 : Thread Group
2024-10-18 13:22:43,433 INFO o.a.j.e.StandardJMeterEngine: Starting 1 threads for group Thread Group.
2024-10-18 13:22:43,433 INFO o.a.j.e.StandardJMeterEngine: Thread will continue on error
2024-10-18 13:22:43,433 INFO o.a.j.t.ThreadGroup: Starting thread group... number=1 threads=1 ramp-up=1 delayedStart=false
2024-10-18 13:22:43,434 INFO o.a.j.t.ThreadGroup: Started thread group number 1
2024-10-18 13:22:43,434 INFO o.a.j.e.StandardJMeterEngine: All thread groups have been started
2024-10-18 13:22:43,434 INFO o.a.j.t.JMeterThread: Thread started: Thread Group 1-1
2024-10-18 13:22:43,438 INFO o.a.j.p.h.s.HTTPHCAbstractImpl: Local host = Namans-MacBook-Air.local
2024-10-18 13:22:43,440 INFO o.a.j.p.h.s.HTTPHC4Impl: HTTP request retry count = 0
2024-10-18 13:22:43,441 INFO o.a.j.s.SampleResult: Note: Sample TimeStamps are START times
2024-10-18 13:22:43,441 INFO o.a.j.s.SampleResult: sampleresult.default.encoding is set to UTF-8
2024-10-18 13:22:43,441 INFO o.a.j.s.SampleResult: sampleresult.useNanoTime=true
2024-10-18 13:22:43,441 INFO o.a.j.s.SampleResult: sampleresult.nanoThreadSleep=5000
2024-10-18 13:22:43,927 INFO o.a.j.p.h.s.h.LazyLayeredConnectionSocketFactory: Setting up HTTPS TrustAll Socket Factory
2024-10-18 13:22:43,929 INFO o.a.j.u.JsseSSLManager: Using default SSL protocol: TLS
2024-10-18 13:22:43,929 INFO o.a.j.u.JsseSSLManager: SSL session context: per-thread
2024-10-18 13:22:44,209 INFO o.a.j.u.SSLManager: JmeterKeyStore Location:  type JKS
2024-10-18 13:22:44,209 INFO o.a.j.u.SSLManager: KeyStore created OK
2024-10-18 13:22:44,210 WARN o.a.j.u.SSLManager: Keystore file not found, loading empty keystore
2024-10-18 13:22:45,104 INFO o.a.j.t.JMeterThread: Thread is done: Thread Group 1-1
2024-10-18 13:22:45,105 INFO o.a.j.t.JMeterThread: Thread finished: Thread Group 1-1
2024-10-18 13:22:45,107 INFO o.a.j.e.StandardJMeterEngine: Notifying test listeners of end of test
2024-10-18 13:22:45,107 INFO o.a.j.g.u.JMeterMenuBar: setRunning(false, *local*)
2024-10-18 13:22:57,963 INFO o.a.j.r.ClassFinder: Will scan jar /opt/homebrew/Cellar/jmeter/5.6.3/libexec/lib/ext/jmeter-plugins-manager-1.9.jar with filter ExtendsClassFilter [parents=[interface org.apache.jmeter.visualizers.ResultRenderer], inner=false, contains=null, notContains=null]. Consider exposing JMeter plugins via META-INF/services, and add JMeter-Skip-Class-Scanning=true manifest attribute so JMeter can skip classfile scanning
2024-10-18 13:22:57,972 INFO o.a.j.r.ClassFinder: Will scan jar /opt/homebrew/Cellar/jmeter/5.6.3/libexec/lib/ext/jmeter-plugins-manager-1.9.jar with filter ExtendsClassFilter [parents=[interface org.apache.jmeter.visualizers.RequestView], inner=false, contains=null, notContains=null]. Consider exposing JMeter plugins via META-INF/services, and add JMeter-Skip-Class-Scanning=true manifest attribute so JMeter can skip classfile scanning
2024-10-18 13:23:01,376 INFO o.a.j.e.StandardJMeterEngine: Running the test!
2024-10-18 13:23:01,376 INFO o.a.j.s.SampleEvent: List of sample_variables: []
2024-10-18 13:23:01,376 INFO o.a.j.g.u.JMeterMenuBar: setRunning(true, *local*)
2024-10-18 13:23:01,398 INFO o.a.j.e.StandardJMeterEngine: Starting ThreadGroup: 1 : Thread Group
2024-10-18 13:23:01,398 INFO o.a.j.e.StandardJMeterEngine: Starting 1 threads for group Thread Group.
2024-10-18 13:23:01,398 INFO o.a.j.e.StandardJMeterEngine: Thread will continue on error
2024-10-18 13:23:01,398 INFO o.a.j.t.ThreadGroup: Starting thread group... number=1 threads=1 ramp-up=1 delayedStart=false
2024-10-18 13:23:01,398 INFO o.a.j.t.ThreadGroup: Started thread group number 1
2024-10-18 13:23:01,398 INFO o.a.j.e.StandardJMeterEngine: All thread groups have been started
2024-10-18 13:23:01,398 INFO o.a.j.t.JMeterThread: Thread started: Thread Group 1-1
2024-10-18 13:23:02,740 INFO o.a.j.t.JMeterThread: Thread is done: Thread Group 1-1
2024-10-18 13:23:02,740 INFO o.a.j.t.JMeterThread: Thread finished: Thread Group 1-1
2024-10-18 13:23:02,741 INFO o.a.j.e.StandardJMeterEngine: Notifying test listeners of end of test
2024-10-18 13:23:02,741 INFO o.a.j.g.u.JMeterMenuBar: setRunning(false, *local*)
2024-10-18 13:23:39,725 INFO o.a.j.e.StandardJMeterEngine: Running the test!
2024-10-18 13:23:39,726 INFO o.a.j.s.SampleEvent: List of sample_variables: []
2024-10-18 13:23:39,727 INFO o.a.j.g.u.JMeterMenuBar: setRunning(true, *local*)
2024-10-18 13:23:39,752 INFO o.a.j.e.StandardJMeterEngine: Starting ThreadGroup: 1 : Thread Group
2024-10-18 13:23:39,752 INFO o.a.j.e.StandardJMeterEngine: Starting 1 threads for group Thread Group.
2024-10-18 13:23:39,752 INFO o.a.j.e.StandardJMeterEngine: Thread will continue on error
2024-10-18 13:23:39,752 INFO o.a.j.t.ThreadGroup: Starting thread group... number=1 threads=1 ramp-up=1 delayedStart=false
2024-10-18 13:23:39,753 INFO o.a.j.t.ThreadGroup: Started thread group number 1
2024-10-18 13:23:39,753 INFO o.a.j.e.StandardJMeterEngine: All thread groups have been started
2024-10-18 13:23:39,753 INFO o.a.j.t.JMeterThread: Thread started: Thread Group 1-1
2024-10-18 13:23:41,267 INFO o.a.j.t.JMeterThread: Thread is done: Thread Group 1-1
2024-10-18 13:23:41,268 INFO o.a.j.t.JMeterThread: Thread finished: Thread Group 1-1
2024-10-18 13:23:41,269 INFO o.a.j.e.StandardJMeterEngine: Notifying test listeners of end of test
2024-10-18 13:23:41,269 INFO o.a.j.g.u.JMeterMenuBar: setRunning(false, *local*)
2024-10-18 13:24:01,089 INFO o.a.j.e.StandardJMeterEngine: Running the test!
2024-10-18 13:24:01,090 INFO o.a.j.s.SampleEvent: List of sample_variables: []
2024-10-18 13:24:01,090 INFO o.a.j.g.u.JMeterMenuBar: setRunning(true, *local*)
2024-10-18 13:24:01,113 INFO o.a.j.e.StandardJMeterEngine: Starting ThreadGroup: 1 : Thread Group
2024-10-18 13:24:01,113 INFO o.a.j.e.StandardJMeterEngine: Starting 100 threads for group Thread Group.
2024-10-18 13:24:01,113 INFO o.a.j.e.StandardJMeterEngine: Thread will continue on error
2024-10-18 13:24:01,114 INFO o.a.j.t.ThreadGroup: Starting thread group... number=1 threads=100 ramp-up=10 delayedStart=false
2024-10-18 13:24:01,114 INFO o.a.j.t.JMeterThread: Thread started: Thread Group 1-1
2024-10-18 13:24:01,123 INFO o.a.j.t.ThreadGroup: Started thread group number 1
2024-10-18 13:24:01,123 INFO o.a.j.e.StandardJMeterEngine: All thread groups have been started
2024-10-18 13:24:01,219 INFO o.a.j.t.JMeterThread: Thread started: Thread Group 1-2
2024-10-18 13:24:01,320 INFO o.a.j.t.JMeterThread: Thread started: Thread Group 1-3
2024-10-18 13:24:01,416 INFO o.a.j.t.JMeterThread: Thread started: Thread Group 1-4
2024-10-18 13:24:01,518 INFO o.a.j.t.JMeterThread: Thread started: Thread Group 1-5
2024-10-18 13:24:01,620 INFO o.a.j.t.JMeterThread: Thread started: Thread Group 1-6
2024-10-18 13:24:01,715 INFO o.a.j.t.JMeterThread: Thread started: Thread Group 1-7
2024-10-18 13:24:01,816 INFO o.a.j.t.JMeterThread: Thread started: Thread Group 1-8
2024-10-18 13:24:01,917 INFO o.a.j.t.JMeterThread: Thread started: Thread Group 1-9
2024-10-18 13:24:02,019 INFO o.a.j.t.JMeterThread: Thread started: Thread Group 1-10
2024-10-18 13:24:02,117 INFO o.a.j.t.JMeterThread: Thread started: Thread Group 1-11
2024-10-18 13:24:02,219 INFO o.a.j.t.JMeterThread: Thread started: Thread Group 1-12
2024-10-18 13:24:02,319 INFO o.a.j.t.JMeterThread: Thread started: Thread Group 1-13
2024-10-18 13:24:02,419 INFO o.a.j.t.JMeterThread: Thread started: Thread Group 1-14
2024-10-18 13:24:02,519 INFO o.a.j.t.JMeterThread: Thread started: Thread Group 1-15
2024-10-18 13:24:02,617 INFO o.a.j.t.JMeterThread: Thread started: Thread Group 1-16
2024-10-18 13:24:02,719 INFO o.a.j.t.JMeterThread: Thread started: Thread Group 1-17
2024-10-18 13:24:02,819 INFO o.a.j.t.JMeterThread: Thread started: Thread Group 1-18
2024-10-18 13:24:02,916 INFO o.a.j.t.JMeterThread: Thread started: Thread Group 1-19
2024-10-18 13:24:03,020 INFO o.a.j.t.JMeterThread: Thread started: Thread Group 1-20
2024-10-18 13:24:03,120 INFO o.a.j.t.JMeterThread: Thread started: Thread Group 1-21
2024-10-18 13:24:03,217 INFO o.a.j.t.JMeterThread: Thread started: Thread Group 1-22
2024-10-18 13:24:03,319 INFO o.a.j.t.JMeterThread: Thread started: Thread Group 1-23
2024-10-18 13:24:03,420 INFO o.a.j.t.JMeterThread: Thread started: Thread Group 1-24
2024-10-18 13:24:03,519 INFO o.a.j.t.JMeterThread: Thread started: Thread Group 1-25
2024-10-18 13:24:03,620 INFO o.a.j.t.JMeterThread: Thread started: Thread Group 1-26
2024-10-18 13:24:03,719 INFO o.a.j.t.JMeterThread: Thread started: Thread Group 1-27
2024-10-18 13:24:03,819 INFO o.a.j.t.JMeterThread: Thread started: Thread Group 1-28
2024-10-18 13:24:03,919 INFO o.a.j.t.JMeterThread: Thread started: Thread Group 1-29
2024-10-18 13:24:04,021 INFO o.a.j.t.JMeterThread: Thread started: Thread Group 1-30
2024-10-18 13:24:04,120 INFO o.a.j.t.JMeterThread: Thread started: Thread Group 1-31
2024-10-18 13:24:04,220 INFO o.a.j.t.JMeterThread: Thread started: Thread Group 1-32
2024-10-18 13:24:04,319 INFO o.a.j.t.JMeterThread: Thread started: Thread Group 1-33
2024-10-18 13:24:04,419 INFO o.a.j.t.JMeterThread: Thread started: Thread Group 1-34
2024-10-18 13:24:04,516 INFO o.a.j.t.JMeterThread: Thread started: Thread Group 1-35
2024-10-18 13:24:04,619 INFO o.a.j.t.JMeterThread: Thread started: Thread Group 1-36
2024-10-18 13:24:04,719 INFO o.a.j.t.JMeterThread: Thread started: Thread Group 1-37
2024-10-18 13:24:04,819 INFO o.a.j.t.JMeterThread: Thread started: Thread Group 1-38
2024-10-18 13:24:04,920 INFO o.a.j.t.JMeterThread: Thread started: Thread Group 1-39
2024-10-18 13:24:05,019 INFO o.a.j.t.JMeterThread: Thread started: Thread Group 1-40
2024-10-18 13:24:05,120 INFO o.a.j.t.JMeterThread: Thread started: Thread Group 1-41
2024-10-18 13:24:05,215 INFO o.a.j.t.JMeterThread: Thread started: Thread Group 1-42
2024-10-18 13:24:05,319 INFO o.a.j.t.JMeterThread: Thread started: Thread Group 1-43
2024-10-18 13:24:05,419 INFO o.a.j.t.JMeterThread: Thread started: Thread Group 1-44
2024-10-18 13:24:05,519 INFO o.a.j.t.JMeterThread: Thread started: Thread Group 1-45
2024-10-18 13:24:05,619 INFO o.a.j.t.JMeterThread: Thread started: Thread Group 1-46
2024-10-18 13:24:05,719 INFO o.a.j.t.JMeterThread: Thread started: Thread Group 1-47
2024-10-18 13:24:05,819 INFO o.a.j.t.JMeterThread: Thread started: Thread Group 1-48
2024-10-18 13:24:05,919 INFO o.a.j.t.JMeterThread: Thread started: Thread Group 1-49
2024-10-18 13:24:06,020 INFO o.a.j.t.JMeterThread: Thread started: Thread Group 1-50
2024-10-18 13:24:06,119 INFO o.a.j.t.JMeterThread: Thread started: Thread Group 1-51
2024-10-18 13:24:06,219 INFO o.a.j.t.JMeterThread: Thread started: Thread Group 1-52
2024-10-18 13:24:06,320 INFO o.a.j.t.JMeterThread: Thread started: Thread Group 1-53
2024-10-18 13:24:06,419 INFO o.a.j.t.JMeterThread: Thread started: Thread Group 1-54
2024-10-18 13:24:06,514 INFO o.a.j.t.JMeterThread: Thread started: Thread Group 1-55
2024-10-18 13:24:06,619 INFO o.a.j.t.JMeterThread: Thread started: Thread Group 1-56
2024-10-18 13:24:06,717 INFO o.a.j.t.JMeterThread: Thread started: Thread Group 1-57
2024-10-18 13:24:06,819 INFO o.a.j.t.JMeterThread: Thread started: Thread Group 1-58
2024-10-18 13:24:06,920 INFO o.a.j.t.JMeterThread: Thread started: Thread Group 1-59
2024-10-18 13:24:07,020 INFO o.a.j.t.JMeterThread: Thread started: Thread Group 1-60
2024-10-18 13:24:07,120 INFO o.a.j.t.JMeterThread: Thread started: Thread Group 1-61
2024-10-18 13:24:07,219 INFO o.a.j.t.JMeterThread: Thread started: Thread Group 1-62
2024-10-18 13:24:07,318 INFO o.a.j.t.JMeterThread: Thread started: Thread Group 1-63
2024-10-18 13:24:07,419 INFO o.a.j.t.JMeterThread: Thread started: Thread Group 1-64
2024-10-18 13:24:07,519 INFO o.a.j.t.JMeterThread: Thread started: Thread Group 1-65
2024-10-18 13:24:07,620 INFO o.a.j.t.JMeterThread: Thread started: Thread Group 1-66
2024-10-18 13:24:07,718 INFO o.a.j.t.JMeterThread: Thread started: Thread Group 1-67
2024-10-18 13:24:07,817 INFO o.a.j.t.JMeterThread: Thread started: Thread Group 1-68
2024-10-18 13:24:07,919 INFO o.a.j.t.JMeterThread: Thread started: Thread Group 1-69
2024-10-18 13:24:08,019 INFO o.a.j.t.JMeterThread: Thread started: Thread Group 1-70
2024-10-18 13:24:08,119 INFO o.a.j.t.JMeterThread: Thread started: Thread Group 1-71
2024-10-18 13:24:08,215 INFO o.a.j.t.JMeterThread: Thread started: Thread Group 1-72
2024-10-18 13:24:08,320 INFO o.a.j.t.JMeterThread: Thread started: Thread Group 1-73
2024-10-18 13:24:08,421 INFO o.a.j.t.JMeterThread: Thread started: Thread Group 1-74
2024-10-18 13:24:08,519 INFO o.a.j.t.JMeterThread: Thread started: Thread Group 1-75
2024-10-18 13:24:08,619 INFO o.a.j.t.JMeterThread: Thread started: Thread Group 1-76
2024-10-18 13:24:08,719 INFO o.a.j.t.JMeterThread: Thread started: Thread Group 1-77
2024-10-18 13:24:08,819 INFO o.a.j.t.JMeterThread: Thread started: Thread Group 1-78
2024-10-18 13:24:08,919 INFO o.a.j.t.JMeterThread: Thread started: Thread Group 1-79
2024-10-18 13:24:09,019 INFO o.a.j.t.JMeterThread: Thread started: Thread Group 1-80
2024-10-18 13:24:09,119 INFO o.a.j.t.JMeterThread: Thread started: Thread Group 1-81
2024-10-18 13:24:09,219 INFO o.a.j.t.JMeterThread: Thread started: Thread Group 1-82
2024-10-18 13:24:09,319 INFO o.a.j.t.JMeterThread: Thread started: Thread Group 1-83
2024-10-18 13:24:09,419 INFO o.a.j.t.JMeterThread: Thread started: Thread Group 1-84
2024-10-18 13:24:09,516 INFO o.a.j.t.JMeterThread: Thread started: Thread Group 1-85
2024-10-18 13:24:09,615 INFO o.a.j.t.JMeterThread: Thread started: Thread Group 1-86
2024-10-18 13:24:09,720 INFO o.a.j.t.JMeterThread: Thread started: Thread Group 1-87
2024-10-18 13:24:09,815 INFO o.a.j.t.JMeterThread: Thread started: Thread Group 1-88
2024-10-18 13:24:09,919 INFO o.a.j.t.JMeterThread: Thread started: Thread Group 1-89
2024-10-18 13:24:10,015 INFO o.a.j.t.JMeterThread: Thread started: Thread Group 1-90
2024-10-18 13:24:10,119 INFO o.a.j.t.JMeterThread: Thread started: Thread Group 1-91
2024-10-18 13:24:10,219 INFO o.a.j.t.JMeterThread: Thread started: Thread Group 1-92
2024-10-18 13:24:10,319 INFO o.a.j.t.JMeterThread: Thread started: Thread Group 1-93
2024-10-18 13:24:10,417 INFO o.a.j.t.JMeterThread: Thread started: Thread Group 1-94
2024-10-18 13:24:10,519 INFO o.a.j.t.JMeterThread: Thread started: Thread Group 1-95
2024-10-18 13:24:10,618 INFO o.a.j.t.JMeterThread: Thread started: Thread Group 1-96
2024-10-18 13:24:10,719 INFO o.a.j.t.JMeterThread: Thread started: Thread Group 1-97
2024-10-18 13:24:10,819 INFO o.a.j.t.JMeterThread: Thread started: Thread Group 1-98
2024-10-18 13:24:10,919 INFO o.a.j.t.JMeterThread: Thread started: Thread Group 1-99
2024-10-18 13:24:11,018 INFO o.a.j.t.JMeterThread: Thread started: Thread Group 1-100
2024-10-18 13:29:44,516 INFO o.a.j.g.a.Start: Stopping test
2024-10-18 13:29:44,549 INFO o.a.j.t.JMeterThread: Stopping: Thread Group 1-79
2024-10-18 13:29:44,549 WARN o.a.j.t.JMeterThread: Interrupting: Thread Group 1-79 sampler: HTTP Request
2024-10-18 13:29:44,554 INFO o.a.j.t.JMeterThread: Stopping: Thread Group 1-49
2024-10-18 13:29:44,554 WARN o.a.j.t.JMeterThread: Interrupting: Thread Group 1-49 sampler: HTTP Request
2024-10-18 13:29:44,556 INFO o.a.j.t.JMeterThread: Stopping: Thread Group 1-45
2024-10-18 13:29:44,556 WARN o.a.j.t.JMeterThread: Interrupting: Thread Group 1-45 sampler: HTTP Request
2024-10-18 13:29:44,556 INFO o.a.j.t.JMeterThread: Stopping: Thread Group 1-25
2024-10-18 13:29:44,556 WARN o.a.j.t.JMeterThread: Interrupting: Thread Group 1-25 sampler: HTTP Request
2024-10-18 13:29:44,556 INFO o.a.j.t.JMeterThread: Stopping: Thread Group 1-12
2024-10-18 13:29:44,556 WARN o.a.j.t.JMeterThread: Interrupting: Thread Group 1-12 sampler: HTTP Request
2024-10-18 13:29:44,556 INFO o.a.j.t.JMeterThread: Stopping: Thread Group 1-80
2024-10-18 13:29:44,556 WARN o.a.j.t.JMeterThread: Interrupting: Thread Group 1-80 sampler: HTTP Request
2024-10-18 13:29:44,558 INFO o.a.j.t.JMeterThread: Stopping: Thread Group 1-41
2024-10-18 13:29:44,558 WARN o.a.j.t.JMeterThread: Interrupting: Thread Group 1-41 sampler: HTTP Request
2024-10-18 13:29:44,558 INFO o.a.j.t.JMeterThread: Stopping: Thread Group 1-8
2024-10-18 13:29:44,558 WARN o.a.j.t.JMeterThread: Interrupting: Thread Group 1-8 sampler: HTTP Request
2024-10-18 13:29:44,559 INFO o.a.j.t.JMeterThread: Stopping: Thread Group 1-24
2024-10-18 13:29:44,559 WARN o.a.j.t.JMeterThread: Interrupting: Thread Group 1-24 sampler: HTTP Request
2024-10-18 13:29:44,559 INFO o.a.j.t.JMeterThread: Stopping: Thread Group 1-97
2024-10-18 13:29:44,559 WARN o.a.j.t.JMeterThread: Interrupting: Thread Group 1-97 sampler: HTTP Request
2024-10-18 13:29:44,559 INFO o.a.j.t.JMeterThread: Stopping: Thread Group 1-51
2024-10-18 13:29:44,559 WARN o.a.j.t.JMeterThread: Interrupting: Thread Group 1-51 sampler: HTTP Request
2024-10-18 13:29:44,560 INFO o.a.j.t.JMeterThread: Stopping: Thread Group 1-66
2024-10-18 13:29:44,560 WARN o.a.j.t.JMeterThread: Interrupting: Thread Group 1-66 sampler: HTTP Request
2024-10-18 13:29:44,560 INFO o.a.j.t.JMeterThread: Stopping: Thread Group 1-39
2024-10-18 13:29:44,560 WARN o.a.j.t.JMeterThread: Interrupting: Thread Group 1-39 sampler: HTTP Request
2024-10-18 13:29:44,561 INFO o.a.j.t.JMeterThread: Thread finished: Thread Group 1-12
2024-10-18 13:29:44,561 INFO o.a.j.t.JMeterThread: Thread finished: Thread Group 1-49
2024-10-18 13:29:44,561 INFO o.a.j.t.JMeterThread: Thread finished: Thread Group 1-45
2024-10-18 13:29:44,561 INFO o.a.j.t.JMeterThread: Thread finished: Thread Group 1-25
2024-10-18 13:29:44,561 INFO o.a.j.t.JMeterThread: Thread finished: Thread Group 1-66
2024-10-18 13:29:44,562 INFO o.a.j.t.JMeterThread: Thread finished: Thread Group 1-80
2024-10-18 13:29:44,562 INFO o.a.j.t.JMeterThread: Thread finished: Thread Group 1-51
2024-10-18 13:29:44,562 INFO o.a.j.t.JMeterThread: Thread finished: Thread Group 1-79
2024-10-18 13:29:44,562 INFO o.a.j.t.JMeterThread: Thread finished: Thread Group 1-97
2024-10-18 13:29:44,562 INFO o.a.j.t.JMeterThread: Stopping: Thread Group 1-71
2024-10-18 13:29:44,562 WARN o.a.j.t.JMeterThread: Interrupting: Thread Group 1-71 sampler: HTTP Request
2024-10-18 13:29:44,562 INFO o.a.j.t.JMeterThread: Thread finished: Thread Group 1-41
2024-10-18 13:29:44,562 INFO o.a.j.t.JMeterThread: Thread finished: Thread Group 1-24
2024-10-18 13:29:44,563 INFO o.a.j.t.JMeterThread: Stopping: Thread Group 1-94
2024-10-18 13:29:44,563 WARN o.a.j.t.JMeterThread: Interrupting: Thread Group 1-94 sampler: HTTP Request
2024-10-18 13:29:44,563 INFO o.a.j.t.JMeterThread: Stopping: Thread Group 1-85
2024-10-18 13:29:44,563 INFO o.a.j.t.JMeterThread: Thread finished: Thread Group 1-8
2024-10-18 13:29:44,563 WARN o.a.j.t.JMeterThread: Interrupting: Thread Group 1-85 sampler: HTTP Request
2024-10-18 13:29:44,563 INFO o.a.j.t.JMeterThread: Thread finished: Thread Group 1-39
2024-10-18 13:29:44,563 INFO o.a.j.t.JMeterThread: Thread finished: Thread Group 1-71
2024-10-18 13:29:44,563 INFO o.a.j.t.JMeterThread: Thread finished: Thread Group 1-94
2024-10-18 13:29:44,563 INFO o.a.j.t.JMeterThread: Stopping: Thread Group 1-19
2024-10-18 13:29:44,563 WARN o.a.j.t.JMeterThread: Interrupting: Thread Group 1-19 sampler: HTTP Request
2024-10-18 13:29:44,564 INFO o.a.j.t.JMeterThread: Stopping: Thread Group 1-53
2024-10-18 13:29:44,564 INFO o.a.j.t.JMeterThread: Thread finished: Thread Group 1-85
2024-10-18 13:29:44,564 WARN o.a.j.t.JMeterThread: Interrupting: Thread Group 1-53 sampler: HTTP Request
2024-10-18 13:29:44,564 INFO o.a.j.t.JMeterThread: Thread finished: Thread Group 1-19
2024-10-18 13:29:44,564 INFO o.a.j.t.JMeterThread: Stopping: Thread Group 1-14
2024-10-18 13:29:44,564 WARN o.a.j.t.JMeterThread: Interrupting: Thread Group 1-14 sampler: HTTP Request
2024-10-18 13:29:44,564 INFO o.a.j.t.JMeterThread: Stopping: Thread Group 1-46
2024-10-18 13:29:44,564 WARN o.a.j.t.JMeterThread: Interrupting: Thread Group 1-46 sampler: HTTP Request
2024-10-18 13:29:44,565 INFO o.a.j.t.JMeterThread: Stopping: Thread Group 1-6
2024-10-18 13:29:44,565 INFO o.a.j.t.JMeterThread: Thread finished: Thread Group 1-14
2024-10-18 13:29:44,565 WARN o.a.j.t.JMeterThread: Interrupting: Thread Group 1-6 sampler: HTTP Request
2024-10-18 13:29:44,565 INFO o.a.j.t.JMeterThread: Thread finished: Thread Group 1-53
2024-10-18 13:29:44,565 INFO o.a.j.t.JMeterThread: Stopping: Thread Group 1-73
2024-10-18 13:29:44,565 WARN o.a.j.t.JMeterThread: Interrupting: Thread Group 1-73 sampler: HTTP Request
2024-10-18 13:29:44,565 INFO o.a.j.t.JMeterThread: Thread finished: Thread Group 1-46
2024-10-18 13:29:44,565 INFO o.a.j.t.JMeterThread: Stopping: Thread Group 1-98
2024-10-18 13:29:44,565 WARN o.a.j.t.JMeterThread: Interrupting: Thread Group 1-98 sampler: HTTP Request
2024-10-18 13:29:44,565 INFO o.a.j.t.JMeterThread: Thread finished: Thread Group 1-6
2024-10-18 13:29:44,565 INFO o.a.j.t.JMeterThread: Stopping: Thread Group 1-83
2024-10-18 13:29:44,565 WARN o.a.j.t.JMeterThread: Interrupting: Thread Group 1-83 sampler: HTTP Request
2024-10-18 13:29:44,565 INFO o.a.j.t.JMeterThread: Thread finished: Thread Group 1-73
2024-10-18 13:29:44,566 INFO o.a.j.t.JMeterThread: Stopping: Thread Group 1-76
2024-10-18 13:29:44,566 INFO o.a.j.t.JMeterThread: Thread finished: Thread Group 1-98
2024-10-18 13:29:44,566 WARN o.a.j.t.JMeterThread: Interrupting: Thread Group 1-76 sampler: HTTP Request
2024-10-18 13:29:44,566 INFO o.a.j.t.JMeterThread: Stopping: Thread Group 1-56
2024-10-18 13:29:44,566 WARN o.a.j.t.JMeterThread: Interrupting: Thread Group 1-56 sampler: HTTP Request
2024-10-18 13:29:44,566 INFO o.a.j.t.JMeterThread: Thread finished: Thread Group 1-76
2024-10-18 13:29:44,566 INFO o.a.j.t.JMeterThread: Thread finished: Thread Group 1-83
2024-10-18 13:29:44,566 INFO o.a.j.t.JMeterThread: Stopping: Thread Group 1-95
2024-10-18 13:29:44,566 WARN o.a.j.t.JMeterThread: Interrupting: Thread Group 1-95 sampler: HTTP Request
2024-10-18 13:29:44,566 INFO o.a.j.t.JMeterThread: Thread finished: Thread Group 1-56
2024-10-18 13:29:44,566 INFO o.a.j.t.JMeterThread: Stopping: Thread Group 1-27
2024-10-18 13:29:44,566 WARN o.a.j.t.JMeterThread: Interrupting: Thread Group 1-27 sampler: HTTP Request
2024-10-18 13:29:44,567 INFO o.a.j.t.JMeterThread: Stopping: Thread Group 1-5
2024-10-18 13:29:44,567 WARN o.a.j.t.JMeterThread: Interrupting: Thread Group 1-5 sampler: HTTP Request
2024-10-18 13:29:44,567 INFO o.a.j.t.JMeterThread: Thread finished: Thread Group 1-95
2024-10-18 13:29:44,567 INFO o.a.j.t.JMeterThread: Stopping: Thread Group 1-31
2024-10-18 13:29:44,567 WARN o.a.j.t.JMeterThread: Interrupting: Thread Group 1-31 sampler: HTTP Request
2024-10-18 13:29:44,567 INFO o.a.j.t.JMeterThread: Thread finished: Thread Group 1-27
2024-10-18 13:29:44,567 INFO o.a.j.t.JMeterThread: Stopping: Thread Group 1-90
2024-10-18 13:29:44,567 WARN o.a.j.t.JMeterThread: Interrupting: Thread Group 1-90 sampler: HTTP Request
2024-10-18 13:29:44,567 INFO o.a.j.t.JMeterThread: Stopping: Thread Group 1-54
2024-10-18 13:29:44,567 WARN o.a.j.t.JMeterThread: Interrupting: Thread Group 1-54 sampler: HTTP Request
2024-10-18 13:29:44,567 INFO o.a.j.t.JMeterThread: Thread finished: Thread Group 1-5
2024-10-18 13:29:44,567 INFO o.a.j.t.JMeterThread: Stopping: Thread Group 1-63
2024-10-18 13:29:44,567 INFO o.a.j.t.JMeterThread: Thread finished: Thread Group 1-31
2024-10-18 13:29:44,567 WARN o.a.j.t.JMeterThread: Interrupting: Thread Group 1-63 sampler: HTTP Request
2024-10-18 13:29:44,567 INFO o.a.j.t.JMeterThread: Thread finished: Thread Group 1-90
2024-10-18 13:29:44,567 INFO o.a.j.t.JMeterThread: Stopping: Thread Group 1-70
2024-10-18 13:29:44,567 WARN o.a.j.t.JMeterThread: Interrupting: Thread Group 1-70 sampler: HTTP Request
2024-10-18 13:29:44,567 INFO o.a.j.t.JMeterThread: Thread finished: Thread Group 1-54
2024-10-18 13:29:44,568 INFO o.a.j.t.JMeterThread: Stopping: Thread Group 1-55
2024-10-18 13:29:44,568 WARN o.a.j.t.JMeterThread: Interrupting: Thread Group 1-55 sampler: HTTP Request
2024-10-18 13:29:44,568 INFO o.a.j.t.JMeterThread: Thread finished: Thread Group 1-63
2024-10-18 13:29:44,568 INFO o.a.j.t.JMeterThread: Thread finished: Thread Group 1-70
2024-10-18 13:29:44,568 INFO o.a.j.t.JMeterThread: Stopping: Thread Group 1-81
2024-10-18 13:29:44,568 WARN o.a.j.t.JMeterThread: Interrupting: Thread Group 1-81 sampler: HTTP Request
2024-10-18 13:29:44,568 INFO o.a.j.t.JMeterThread: Thread finished: Thread Group 1-55
2024-10-18 13:29:44,568 INFO o.a.j.t.JMeterThread: Stopping: Thread Group 1-1
2024-10-18 13:29:44,568 WARN o.a.j.t.JMeterThread: Interrupting: Thread Group 1-1 sampler: HTTP Request
2024-10-18 13:29:44,568 INFO o.a.j.t.JMeterThread: Stopping: Thread Group 1-84
2024-10-18 13:29:44,568 WARN o.a.j.t.JMeterThread: Interrupting: Thread Group 1-84 sampler: HTTP Request
2024-10-18 13:29:44,568 INFO o.a.j.t.JMeterThread: Thread finished: Thread Group 1-81
2024-10-18 13:29:44,568 INFO o.a.j.t.JMeterThread: Stopping: Thread Group 1-29
2024-10-18 13:29:44,568 INFO o.a.j.t.JMeterThread: Thread finished: Thread Group 1-1
2024-10-18 13:29:44,568 WARN o.a.j.t.JMeterThread: Interrupting: Thread Group 1-29 sampler: HTTP Request
2024-10-18 13:29:44,569 INFO o.a.j.t.JMeterThread: Thread finished: Thread Group 1-84
2024-10-18 13:29:44,569 INFO o.a.j.t.JMeterThread: Stopping: Thread Group 1-62
2024-10-18 13:29:44,569 WARN o.a.j.t.JMeterThread: Interrupting: Thread Group 1-62 sampler: HTTP Request
2024-10-18 13:29:44,569 INFO o.a.j.t.JMeterThread: Thread finished: Thread Group 1-29
2024-10-18 13:29:44,569 INFO o.a.j.t.JMeterThread: Stopping: Thread Group 1-40
2024-10-18 13:29:44,569 WARN o.a.j.t.JMeterThread: Interrupting: Thread Group 1-40 sampler: HTTP Request
2024-10-18 13:29:44,569 INFO o.a.j.t.JMeterThread: Stopping: Thread Group 1-21
2024-10-18 13:29:44,569 WARN o.a.j.t.JMeterThread: Interrupting: Thread Group 1-21 sampler: HTTP Request
2024-10-18 13:29:44,569 INFO o.a.j.t.JMeterThread: Thread finished: Thread Group 1-62
2024-10-18 13:29:44,569 INFO o.a.j.t.JMeterThread: Thread finished: Thread Group 1-40
2024-10-18 13:29:44,569 INFO o.a.j.t.JMeterThread: Stopping: Thread Group 1-10
2024-10-18 13:29:44,569 WARN o.a.j.t.JMeterThread: Interrupting: Thread Group 1-10 sampler: HTTP Request
2024-10-18 13:29:44,569 INFO o.a.j.t.JMeterThread: Thread finished: Thread Group 1-21
2024-10-18 13:29:44,569 INFO o.a.j.t.JMeterThread: Stopping: Thread Group 1-36
2024-10-18 13:29:44,569 WARN o.a.j.t.JMeterThread: Interrupting: Thread Group 1-36 sampler: HTTP Request
2024-10-18 13:29:44,570 INFO o.a.j.t.JMeterThread: Thread finished: Thread Group 1-10
2024-10-18 13:29:44,570 INFO o.a.j.t.JMeterThread: Stopping: Thread Group 1-17
2024-10-18 13:29:44,570 WARN o.a.j.t.JMeterThread: Interrupting: Thread Group 1-17 sampler: HTTP Request
2024-10-18 13:29:44,570 INFO o.a.j.t.JMeterThread: Thread finished: Thread Group 1-36
2024-10-18 13:29:44,570 INFO o.a.j.t.JMeterThread: Stopping: Thread Group 1-61
2024-10-18 13:29:44,570 WARN o.a.j.t.JMeterThread: Interrupting: Thread Group 1-61 sampler: HTTP Request
2024-10-18 13:29:44,570 INFO o.a.j.t.JMeterThread: Thread finished: Thread Group 1-17
2024-10-18 13:29:44,570 INFO o.a.j.t.JMeterThread: Stopping: Thread Group 1-32
2024-10-18 13:29:44,570 WARN o.a.j.t.JMeterThread: Interrupting: Thread Group 1-32 sampler: HTTP Request
2024-10-18 13:29:44,570 INFO o.a.j.t.JMeterThread: Thread finished: Thread Group 1-61
2024-10-18 13:29:44,570 INFO o.a.j.t.JMeterThread: Stopping: Thread Group 1-82
2024-10-18 13:29:44,570 WARN o.a.j.t.JMeterThread: Interrupting: Thread Group 1-82 sampler: HTTP Request
2024-10-18 13:29:44,571 INFO o.a.j.t.JMeterThread: Thread finished: Thread Group 1-32
2024-10-18 13:29:44,571 INFO o.a.j.t.JMeterThread: Stopping: Thread Group 1-37
2024-10-18 13:29:44,571 WARN o.a.j.t.JMeterThread: Interrupting: Thread Group 1-37 sampler: HTTP Request
2024-10-18 13:29:44,571 INFO o.a.j.t.JMeterThread: Thread finished: Thread Group 1-82
2024-10-18 13:29:44,571 INFO o.a.j.t.JMeterThread: Stopping: Thread Group 1-16
2024-10-18 13:29:44,571 WARN o.a.j.t.JMeterThread: Interrupting: Thread Group 1-16 sampler: HTTP Request
2024-10-18 13:29:44,571 INFO o.a.j.t.JMeterThread: Thread finished: Thread Group 1-37
2024-10-18 13:29:44,571 INFO o.a.j.t.JMeterThread: Stopping: Thread Group 1-2
2024-10-18 13:29:44,571 WARN o.a.j.t.JMeterThread: Interrupting: Thread Group 1-2 sampler: HTTP Request
2024-10-18 13:29:44,571 INFO o.a.j.t.JMeterThread: Thread finished: Thread Group 1-16
2024-10-18 13:29:44,571 INFO o.a.j.t.JMeterThread: Stopping: Thread Group 1-42
2024-10-18 13:29:44,572 INFO o.a.j.t.JMeterThread: Thread finished: Thread Group 1-2
2024-10-18 13:29:44,572 WARN o.a.j.t.JMeterThread: Interrupting: Thread Group 1-42 sampler: HTTP Request
2024-10-18 13:29:44,572 INFO o.a.j.t.JMeterThread: Stopping: Thread Group 1-52
2024-10-18 13:29:44,572 WARN o.a.j.t.JMeterThread: Interrupting: Thread Group 1-52 sampler: HTTP Request
2024-10-18 13:29:44,572 INFO o.a.j.t.JMeterThread: Stopping: Thread Group 1-18
2024-10-18 13:29:44,572 INFO o.a.j.t.JMeterThread: Thread finished: Thread Group 1-42
2024-10-18 13:29:44,572 WARN o.a.j.t.JMeterThread: Interrupting: Thread Group 1-18 sampler: HTTP Request
2024-10-18 13:29:44,572 INFO o.a.j.t.JMeterThread: Stopping: Thread Group 1-44
2024-10-18 13:29:44,572 WARN o.a.j.t.JMeterThread: Interrupting: Thread Group 1-44 sampler: HTTP Request
2024-10-18 13:29:44,572 INFO o.a.j.t.JMeterThread: Thread finished: Thread Group 1-52
2024-10-18 13:29:44,572 INFO o.a.j.t.JMeterThread: Thread finished: Thread Group 1-18
2024-10-18 13:29:44,572 INFO o.a.j.t.JMeterThread: Stopping: Thread Group 1-11
2024-10-18 13:29:44,572 WARN o.a.j.t.JMeterThread: Interrupting: Thread Group 1-11 sampler: HTTP Request
2024-10-18 13:29:44,572 INFO o.a.j.t.JMeterThread: Thread finished: Thread Group 1-44
2024-10-18 13:29:44,573 INFO o.a.j.t.JMeterThread: Stopping: Thread Group 1-92
2024-10-18 13:29:44,573 WARN o.a.j.t.JMeterThread: Interrupting: Thread Group 1-92 sampler: HTTP Request
2024-10-18 13:29:44,573 INFO o.a.j.t.JMeterThread: Thread finished: Thread Group 1-11
2024-10-18 13:29:44,573 INFO o.a.j.t.JMeterThread: Stopping: Thread Group 1-3
2024-10-18 13:29:44,573 WARN o.a.j.t.JMeterThread: Interrupting: Thread Group 1-3 sampler: HTTP Request
2024-10-18 13:29:44,573 INFO o.a.j.t.JMeterThread: Stopping: Thread Group 1-86
2024-10-18 13:29:44,573 WARN o.a.j.t.JMeterThread: Interrupting: Thread Group 1-86 sampler: HTTP Request
2024-10-18 13:29:44,573 INFO o.a.j.t.JMeterThread: Thread finished: Thread Group 1-3
2024-10-18 13:29:44,573 INFO o.a.j.t.JMeterThread: Stopping: Thread Group 1-64
2024-10-18 13:29:44,573 WARN o.a.j.t.JMeterThread: Interrupting: Thread Group 1-64 sampler: HTTP Request
2024-10-18 13:29:44,573 INFO o.a.j.t.JMeterThread: Thread finished: Thread Group 1-92
2024-10-18 13:29:44,573 INFO o.a.j.t.JMeterThread: Thread finished: Thread Group 1-86
2024-10-18 13:29:44,573 INFO o.a.j.t.JMeterThread: Stopping: Thread Group 1-88
2024-10-18 13:29:44,573 WARN o.a.j.t.JMeterThread: Interrupting: Thread Group 1-88 sampler: HTTP Request
2024-10-18 13:29:44,573 INFO o.a.j.t.JMeterThread: Thread finished: Thread Group 1-64
2024-10-18 13:29:44,573 INFO o.a.j.t.JMeterThread: Stopping: Thread Group 1-77
2024-10-18 13:29:44,573 WARN o.a.j.t.JMeterThread: Interrupting: Thread Group 1-77 sampler: HTTP Request
2024-10-18 13:29:44,574 INFO o.a.j.t.JMeterThread: Stopping: Thread Group 1-89
2024-10-18 13:29:44,574 INFO o.a.j.t.JMeterThread: Thread finished: Thread Group 1-88
2024-10-18 13:29:44,574 WARN o.a.j.t.JMeterThread: Interrupting: Thread Group 1-89 sampler: HTTP Request
2024-10-18 13:29:44,574 INFO o.a.j.t.JMeterThread: Thread finished: Thread Group 1-77
2024-10-18 13:29:44,574 INFO o.a.j.t.JMeterThread: Stopping: Thread Group 1-4
2024-10-18 13:29:44,574 WARN o.a.j.t.JMeterThread: Interrupting: Thread Group 1-4 sampler: HTTP Request
2024-10-18 13:29:44,574 INFO o.a.j.t.JMeterThread: Thread finished: Thread Group 1-89
2024-10-18 13:29:44,575 INFO o.a.j.t.JMeterThread: Stopping: Thread Group 1-34
2024-10-18 13:29:44,575 WARN o.a.j.t.JMeterThread: Interrupting: Thread Group 1-34 sampler: HTTP Request
2024-10-18 13:29:44,575 INFO o.a.j.t.JMeterThread: Stopping: Thread Group 1-26
2024-10-18 13:29:44,575 WARN o.a.j.t.JMeterThread: Interrupting: Thread Group 1-26 sampler: HTTP Request
2024-10-18 13:29:44,575 INFO o.a.j.t.JMeterThread: Thread finished: Thread Group 1-4
2024-10-18 13:29:44,576 INFO o.a.j.t.JMeterThread: Thread finished: Thread Group 1-34
2024-10-18 13:29:44,576 INFO o.a.j.t.JMeterThread: Stopping: Thread Group 1-72
2024-10-18 13:29:44,576 WARN o.a.j.t.JMeterThread: Interrupting: Thread Group 1-72 sampler: HTTP Request
2024-10-18 13:29:44,576 INFO o.a.j.t.JMeterThread: Thread finished: Thread Group 1-26
2024-10-18 13:29:44,576 INFO o.a.j.t.JMeterThread: Stopping: Thread Group 1-87
2024-10-18 13:29:44,577 WARN o.a.j.t.JMeterThread: Interrupting: Thread Group 1-87 sampler: HTTP Request
2024-10-18 13:29:44,577 INFO o.a.j.t.JMeterThread: Thread finished: Thread Group 1-72
2024-10-18 13:29:44,577 INFO o.a.j.t.JMeterThread: Stopping: Thread Group 1-59
2024-10-18 13:29:44,577 WARN o.a.j.t.JMeterThread: Interrupting: Thread Group 1-59 sampler: HTTP Request
2024-10-18 13:29:44,577 INFO o.a.j.t.JMeterThread: Stopping: Thread Group 1-38
2024-10-18 13:29:44,577 WARN o.a.j.t.JMeterThread: Interrupting: Thread Group 1-38 sampler: HTTP Request
2024-10-18 13:29:44,577 INFO o.a.j.t.JMeterThread: Thread finished: Thread Group 1-87
2024-10-18 13:29:44,577 INFO o.a.j.t.JMeterThread: Stopping: Thread Group 1-69
2024-10-18 13:29:44,577 WARN o.a.j.t.JMeterThread: Interrupting: Thread Group 1-69 sampler: HTTP Request
2024-10-18 13:29:44,577 INFO o.a.j.t.JMeterThread: Thread finished: Thread Group 1-59
2024-10-18 13:29:44,577 INFO o.a.j.t.JMeterThread: Stopping: Thread Group 1-57
2024-10-18 13:29:44,577 WARN o.a.j.t.JMeterThread: Interrupting: Thread Group 1-57 sampler: HTTP Request
2024-10-18 13:29:44,577 INFO o.a.j.t.JMeterThread: Thread finished: Thread Group 1-38
2024-10-18 13:29:44,577 INFO o.a.j.t.JMeterThread: Thread finished: Thread Group 1-69
2024-10-18 13:29:44,577 INFO o.a.j.t.JMeterThread: Stopping: Thread Group 1-23
2024-10-18 13:29:44,577 WARN o.a.j.t.JMeterThread: Interrupting: Thread Group 1-23 sampler: HTTP Request
2024-10-18 13:29:44,577 INFO o.a.j.t.JMeterThread: Thread finished: Thread Group 1-57
2024-10-18 13:29:44,578 INFO o.a.j.t.JMeterThread: Stopping: Thread Group 1-9
2024-10-18 13:29:44,578 WARN o.a.j.t.JMeterThread: Interrupting: Thread Group 1-9 sampler: HTTP Request
2024-10-18 13:29:44,578 INFO o.a.j.t.JMeterThread: Stopping: Thread Group 1-99
2024-10-18 13:29:44,578 INFO o.a.j.t.JMeterThread: Thread finished: Thread Group 1-23
2024-10-18 13:29:44,578 WARN o.a.j.t.JMeterThread: Interrupting: Thread Group 1-99 sampler: HTTP Request
2024-10-18 13:29:44,578 INFO o.a.j.t.JMeterThread: Thread finished: Thread Group 1-9
2024-10-18 13:29:44,578 INFO o.a.j.t.JMeterThread: Stopping: Thread Group 1-30
2024-10-18 13:29:44,578 WARN o.a.j.t.JMeterThread: Interrupting: Thread Group 1-30 sampler: HTTP Request
2024-10-18 13:29:44,578 INFO o.a.j.t.JMeterThread: Stopping: Thread Group 1-28
2024-10-18 13:29:44,578 INFO o.a.j.t.JMeterThread: Thread finished: Thread Group 1-99
2024-10-18 13:29:44,578 WARN o.a.j.t.JMeterThread: Interrupting: Thread Group 1-28 sampler: HTTP Request
2024-10-18 13:29:44,578 INFO o.a.j.t.JMeterThread: Thread finished: Thread Group 1-30
2024-10-18 13:29:44,578 INFO o.a.j.t.JMeterThread: Stopping: Thread Group 1-67
2024-10-18 13:29:44,578 WARN o.a.j.t.JMeterThread: Interrupting: Thread Group 1-67 sampler: HTTP Request
2024-10-18 13:29:44,578 INFO o.a.j.t.JMeterThread: Thread finished: Thread Group 1-28
2024-10-18 13:29:44,578 INFO o.a.j.t.JMeterThread: Stopping: Thread Group 1-78
2024-10-18 13:29:44,578 WARN o.a.j.t.JMeterThread: Interrupting: Thread Group 1-78 sampler: HTTP Request
2024-10-18 13:29:44,578 INFO o.a.j.t.JMeterThread: Stopping: Thread Group 1-47
2024-10-18 13:29:44,578 INFO o.a.j.t.JMeterThread: Thread finished: Thread Group 1-67
2024-10-18 13:29:44,578 WARN o.a.j.t.JMeterThread: Interrupting: Thread Group 1-47 sampler: HTTP Request
2024-10-18 13:29:44,578 INFO o.a.j.t.JMeterThread: Stopping: Thread Group 1-48
2024-10-18 13:29:44,578 INFO o.a.j.t.JMeterThread: Thread finished: Thread Group 1-78
2024-10-18 13:29:44,578 WARN o.a.j.t.JMeterThread: Interrupting: Thread Group 1-48 sampler: HTTP Request
2024-10-18 13:29:44,579 INFO o.a.j.t.JMeterThread: Stopping: Thread Group 1-60
2024-10-18 13:29:44,579 WARN o.a.j.t.JMeterThread: Interrupting: Thread Group 1-60 sampler: HTTP Request
2024-10-18 13:29:44,579 INFO o.a.j.t.JMeterThread: Thread finished: Thread Group 1-47
2024-10-18 13:29:44,579 INFO o.a.j.t.JMeterThread: Stopping: Thread Group 1-58
2024-10-18 13:29:44,579 WARN o.a.j.t.JMeterThread: Interrupting: Thread Group 1-58 sampler: HTTP Request
2024-10-18 13:29:44,579 INFO o.a.j.t.JMeterThread: Thread finished: Thread Group 1-48
2024-10-18 13:29:44,579 INFO o.a.j.t.JMeterThread: Thread finished: Thread Group 1-60
2024-10-18 13:29:44,579 INFO o.a.j.t.JMeterThread: Stopping: Thread Group 1-68
2024-10-18 13:29:44,579 WARN o.a.j.t.JMeterThread: Interrupting: Thread Group 1-68 sampler: HTTP Request
2024-10-18 13:29:44,579 INFO o.a.j.t.JMeterThread: Thread finished: Thread Group 1-58
2024-10-18 13:29:44,579 INFO o.a.j.t.JMeterThread: Stopping: Thread Group 1-50
2024-10-18 13:29:44,579 WARN o.a.j.t.JMeterThread: Interrupting: Thread Group 1-50 sampler: HTTP Request
2024-10-18 13:29:44,579 INFO o.a.j.t.JMeterThread: Stopping: Thread Group 1-96
2024-10-18 13:29:44,579 INFO o.a.j.t.JMeterThread: Thread finished: Thread Group 1-68
2024-10-18 13:29:44,579 WARN o.a.j.t.JMeterThread: Interrupting: Thread Group 1-96 sampler: HTTP Request
2024-10-18 13:29:44,579 INFO o.a.j.t.JMeterThread: Thread finished: Thread Group 1-50
2024-10-18 13:29:44,579 INFO o.a.j.t.JMeterThread: Stopping: Thread Group 1-7
2024-10-18 13:29:44,579 WARN o.a.j.t.JMeterThread: Interrupting: Thread Group 1-7 sampler: HTTP Request
2024-10-18 13:29:44,579 INFO o.a.j.t.JMeterThread: Thread finished: Thread Group 1-96
2024-10-18 13:29:44,579 INFO o.a.j.t.JMeterThread: Stopping: Thread Group 1-13
2024-10-18 13:29:44,579 WARN o.a.j.t.JMeterThread: Interrupting: Thread Group 1-13 sampler: HTTP Request
2024-10-18 13:29:44,580 INFO o.a.j.t.JMeterThread: Stopping: Thread Group 1-75
2024-10-18 13:29:44,580 WARN o.a.j.t.JMeterThread: Interrupting: Thread Group 1-75 sampler: HTTP Request
2024-10-18 13:29:44,580 INFO o.a.j.t.JMeterThread: Thread finished: Thread Group 1-7
2024-10-18 13:29:44,580 INFO o.a.j.t.JMeterThread: Thread finished: Thread Group 1-13
2024-10-18 13:29:44,580 INFO o.a.j.t.JMeterThread: Stopping: Thread Group 1-20
2024-10-18 13:29:44,580 WARN o.a.j.t.JMeterThread: Interrupting: Thread Group 1-20 sampler: HTTP Request
2024-10-18 13:29:44,580 INFO o.a.j.t.JMeterThread: Stopping: Thread Group 1-15
2024-10-18 13:29:44,580 WARN o.a.j.t.JMeterThread: Interrupting: Thread Group 1-15 sampler: HTTP Request
2024-10-18 13:29:44,580 INFO o.a.j.t.JMeterThread: Thread finished: Thread Group 1-75
2024-10-18 13:29:44,580 INFO o.a.j.t.JMeterThread: Thread finished: Thread Group 1-20
2024-10-18 13:29:44,580 INFO o.a.j.t.JMeterThread: Stopping: Thread Group 1-22
2024-10-18 13:29:44,580 WARN o.a.j.t.JMeterThread: Interrupting: Thread Group 1-22 sampler: HTTP Request
2024-10-18 13:29:44,580 INFO o.a.j.t.JMeterThread: Stopping: Thread Group 1-91
2024-10-18 13:29:44,580 WARN o.a.j.t.JMeterThread: Interrupting: Thread Group 1-91 sampler: HTTP Request
2024-10-18 13:29:44,580 INFO o.a.j.t.JMeterThread: Thread finished: Thread Group 1-15
2024-10-18 13:29:44,580 INFO o.a.j.t.JMeterThread: Thread finished: Thread Group 1-22
2024-10-18 13:29:44,580 INFO o.a.j.t.JMeterThread: Stopping: Thread Group 1-33
2024-10-18 13:29:44,580 WARN o.a.j.t.JMeterThread: Interrupting: Thread Group 1-33 sampler: HTTP Request
2024-10-18 13:29:44,580 INFO o.a.j.t.JMeterThread: Thread finished: Thread Group 1-91
2024-10-18 13:29:44,580 INFO o.a.j.t.JMeterThread: Stopping: Thread Group 1-43
2024-10-18 13:29:44,580 WARN o.a.j.t.JMeterThread: Interrupting: Thread Group 1-43 sampler: HTTP Request
2024-10-18 13:29:44,580 INFO o.a.j.t.JMeterThread: Stopping: Thread Group 1-74
2024-10-18 13:29:44,580 INFO o.a.j.t.JMeterThread: Thread finished: Thread Group 1-33
2024-10-18 13:29:44,580 WARN o.a.j.t.JMeterThread: Interrupting: Thread Group 1-74 sampler: HTTP Request
2024-10-18 13:29:44,580 INFO o.a.j.t.JMeterThread: Thread finished: Thread Group 1-43
2024-10-18 13:29:44,580 INFO o.a.j.t.JMeterThread: Stopping: Thread Group 1-100
2024-10-18 13:29:44,580 WARN o.a.j.t.JMeterThread: Interrupting: Thread Group 1-100 sampler: HTTP Request
2024-10-18 13:29:44,581 INFO o.a.j.t.JMeterThread: Thread finished: Thread Group 1-74
2024-10-18 13:29:44,581 INFO o.a.j.t.JMeterThread: Stopping: Thread Group 1-65
2024-10-18 13:29:44,581 WARN o.a.j.t.JMeterThread: Interrupting: Thread Group 1-65 sampler: HTTP Request
2024-10-18 13:29:44,581 INFO o.a.j.t.JMeterThread: Thread finished: Thread Group 1-100
2024-10-18 13:29:44,581 INFO o.a.j.t.JMeterThread: Stopping: Thread Group 1-35
2024-10-18 13:29:44,581 WARN o.a.j.t.JMeterThread: Interrupting: Thread Group 1-35 sampler: HTTP Request
2024-10-18 13:29:44,581 INFO o.a.j.t.JMeterThread: Thread finished: Thread Group 1-65
2024-10-18 13:29:44,581 INFO o.a.j.t.JMeterThread: Stopping: Thread Group 1-93
2024-10-18 13:29:44,581 WARN o.a.j.t.JMeterThread: Interrupting: Thread Group 1-93 sampler: HTTP Request
2024-10-18 13:29:44,581 INFO o.a.j.t.JMeterThread: Thread finished: Thread Group 1-35
2024-10-18 13:29:44,581 INFO o.a.j.t.JMeterThread: Thread finished: Thread Group 1-93
2024-10-18 13:29:44,581 INFO o.a.j.e.StandardJMeterEngine: Notifying test listeners of end of test
2024-10-18 13:29:44,581 INFO o.a.j.g.u.JMeterMenuBar: setRunning(false, *local*)
2024-10-18 13:48:01,481 INFO o.a.j.e.StandardJMeterEngine: Running the test!
2024-10-18 13:48:01,483 INFO o.a.j.s.SampleEvent: List of sample_variables: []
2024-10-18 13:48:01,484 INFO o.a.j.g.u.JMeterMenuBar: setRunning(true, *local*)
2024-10-18 13:48:01,522 INFO o.a.j.e.StandardJMeterEngine: Starting ThreadGroup: 1 : Thread Group
2024-10-18 13:48:01,522 INFO o.a.j.e.StandardJMeterEngine: Starting 20 threads for group Thread Group.
2024-10-18 13:48:01,522 INFO o.a.j.e.StandardJMeterEngine: Thread will continue on error
2024-10-18 13:48:01,522 INFO o.a.j.t.ThreadGroup: Starting thread group... number=1 threads=20 ramp-up=10 delayedStart=false
2024-10-18 13:48:01,523 INFO o.a.j.t.JMeterThread: Thread started: Thread Group 1-1
2024-10-18 13:48:01,525 INFO o.a.j.t.ThreadGroup: Started thread group number 1
2024-10-18 13:48:01,525 INFO o.a.j.e.StandardJMeterEngine: All thread groups have been started
2024-10-18 13:48:02,027 INFO o.a.j.t.JMeterThread: Thread started: Thread Group 1-2
2024-10-18 13:48:02,525 INFO o.a.j.t.JMeterThread: Thread started: Thread Group 1-3
2024-10-18 13:48:03,027 INFO o.a.j.t.JMeterThread: Thread started: Thread Group 1-4
2024-10-18 13:48:03,527 INFO o.a.j.t.JMeterThread: Thread started: Thread Group 1-5
2024-10-18 13:48:04,023 INFO o.a.j.t.JMeterThread: Thread started: Thread Group 1-6
2024-10-18 13:48:04,527 INFO o.a.j.t.JMeterThread: Thread started: Thread Group 1-7
2024-10-18 13:48:05,025 INFO o.a.j.t.JMeterThread: Thread started: Thread Group 1-8
2024-10-18 13:48:05,527 INFO o.a.j.t.JMeterThread: Thread started: Thread Group 1-9
2024-10-18 13:48:06,027 INFO o.a.j.t.JMeterThread: Thread started: Thread Group 1-10
2024-10-18 13:48:06,526 INFO o.a.j.t.JMeterThread: Thread started: Thread Group 1-11
2024-10-18 13:48:07,026 INFO o.a.j.t.JMeterThread: Thread started: Thread Group 1-12
2024-10-18 13:48:07,528 INFO o.a.j.t.JMeterThread: Thread started: Thread Group 1-13
2024-10-18 13:48:08,024 INFO o.a.j.t.JMeterThread: Thread started: Thread Group 1-14
2024-10-18 13:48:08,526 INFO o.a.j.t.JMeterThread: Thread started: Thread Group 1-15
2024-10-18 13:48:09,024 INFO o.a.j.t.JMeterThread: Thread started: Thread Group 1-16
2024-10-18 13:48:09,524 INFO o.a.j.t.JMeterThread: Thread started: Thread Group 1-17
2024-10-18 13:48:10,027 INFO o.a.j.t.JMeterThread: Thread started: Thread Group 1-18
2024-10-18 13:48:10,523 INFO o.a.j.t.JMeterThread: Thread started: Thread Group 1-19
2024-10-18 13:48:11,027 INFO o.a.j.t.JMeterThread: Thread started: Thread Group 1-20
2024-10-18 13:50:46,793 INFO o.a.j.g.a.Start: Stopping test
2024-10-18 13:50:46,816 INFO o.a.j.t.JMeterThread: Stopping: Thread Group 1-13
2024-10-18 13:50:46,817 WARN o.a.j.t.JMeterThread: Interrupting: Thread Group 1-13 sampler: HTTP Request
2024-10-18 13:50:46,817 INFO o.a.j.t.JMeterThread: Stopping: Thread Group 1-6
2024-10-18 13:50:46,817 WARN o.a.j.t.JMeterThread: Interrupting: Thread Group 1-6 sampler: HTTP Request
2024-10-18 13:50:46,818 INFO o.a.j.t.JMeterThread: Stopping: Thread Group 1-20
2024-10-18 13:50:46,818 WARN o.a.j.t.JMeterThread: Interrupting: Thread Group 1-20 sampler: HTTP Request
2024-10-18 13:50:46,818 INFO o.a.j.t.JMeterThread: Stopping: Thread Group 1-7
2024-10-18 13:50:46,818 WARN o.a.j.t.JMeterThread: Interrupting: Thread Group 1-7 sampler: HTTP Request
2024-10-18 13:50:46,818 INFO o.a.j.t.JMeterThread: Thread finished: Thread Group 1-13
2024-10-18 13:50:46,818 INFO o.a.j.t.JMeterThread: Thread finished: Thread Group 1-6
2024-10-18 13:50:46,818 INFO o.a.j.t.JMeterThread: Thread finished: Thread Group 1-20
2024-10-18 13:50:46,818 INFO o.a.j.t.JMeterThread: Stopping: Thread Group 1-19
2024-10-18 13:50:46,818 WARN o.a.j.t.JMeterThread: Interrupting: Thread Group 1-19 sampler: HTTP Request
2024-10-18 13:50:46,819 INFO o.a.j.t.JMeterThread: Stopping: Thread Group 1-12
2024-10-18 13:50:46,819 WARN o.a.j.t.JMeterThread: Interrupting: Thread Group 1-12 sampler: HTTP Request
2024-10-18 13:50:46,819 INFO o.a.j.t.JMeterThread: Thread finished: Thread Group 1-7
2024-10-18 13:50:46,819 INFO o.a.j.t.JMeterThread: Thread finished: Thread Group 1-19
2024-10-18 13:50:46,819 INFO o.a.j.t.JMeterThread: Stopping: Thread Group 1-3
2024-10-18 13:50:46,819 WARN o.a.j.t.JMeterThread: Interrupting: Thread Group 1-3 sampler: HTTP Request
2024-10-18 13:50:46,819 INFO o.a.j.t.JMeterThread: Thread finished: Thread Group 1-12
2024-10-18 13:50:46,819 INFO o.a.j.t.JMeterThread: Stopping: Thread Group 1-14
2024-10-18 13:50:46,819 WARN o.a.j.t.JMeterThread: Interrupting: Thread Group 1-14 sampler: HTTP Request
2024-10-18 13:50:46,819 INFO o.a.j.t.JMeterThread: Thread finished: Thread Group 1-3
2024-10-18 13:50:46,819 INFO o.a.j.t.JMeterThread: Stopping: Thread Group 1-15
2024-10-18 13:50:46,820 WARN o.a.j.t.JMeterThread: Interrupting: Thread Group 1-15 sampler: HTTP Request
2024-10-18 13:50:46,820 INFO o.a.j.t.JMeterThread: Thread finished: Thread Group 1-14
2024-10-18 13:50:46,820 INFO o.a.j.t.JMeterThread: Stopping: Thread Group 1-17
2024-10-18 13:50:46,820 WARN o.a.j.t.JMeterThread: Interrupting: Thread Group 1-17 sampler: HTTP Request
2024-10-18 13:50:46,820 INFO o.a.j.t.JMeterThread: Thread finished: Thread Group 1-15
2024-10-18 13:50:46,820 INFO o.a.j.t.JMeterThread: Stopping: Thread Group 1-8
2024-10-18 13:50:46,820 WARN o.a.j.t.JMeterThread: Interrupting: Thread Group 1-8 sampler: HTTP Request
2024-10-18 13:50:46,820 INFO o.a.j.t.JMeterThread: Thread finished: Thread Group 1-17
2024-10-18 13:50:46,820 INFO o.a.j.t.JMeterThread: Stopping: Thread Group 1-2
2024-10-18 13:50:46,820 WARN o.a.j.t.JMeterThread: Interrupting: Thread Group 1-2 sampler: HTTP Request
2024-10-18 13:50:46,820 INFO o.a.j.t.JMeterThread: Stopping: Thread Group 1-10
2024-10-18 13:50:46,820 INFO o.a.j.t.JMeterThread: Thread finished: Thread Group 1-8
2024-10-18 13:50:46,820 WARN o.a.j.t.JMeterThread: Interrupting: Thread Group 1-10 sampler: HTTP Request
2024-10-18 13:50:46,820 INFO o.a.j.t.JMeterThread: Thread finished: Thread Group 1-2
2024-10-18 13:50:46,820 INFO o.a.j.t.JMeterThread: Stopping: Thread Group 1-18
2024-10-18 13:50:46,820 WARN o.a.j.t.JMeterThread: Interrupting: Thread Group 1-18 sampler: HTTP Request
2024-10-18 13:50:46,820 INFO o.a.j.t.JMeterThread: Stopping: Thread Group 1-16
2024-10-18 13:50:46,820 WARN o.a.j.t.JMeterThread: Interrupting: Thread Group 1-16 sampler: HTTP Request
2024-10-18 13:50:46,820 INFO o.a.j.t.JMeterThread: Thread finished: Thread Group 1-10
2024-10-18 13:50:46,820 INFO o.a.j.t.JMeterThread: Stopping: Thread Group 1-4
2024-10-18 13:50:46,820 INFO o.a.j.t.JMeterThread: Thread finished: Thread Group 1-18
2024-10-18 13:50:46,820 WARN o.a.j.t.JMeterThread: Interrupting: Thread Group 1-4 sampler: HTTP Request
2024-10-18 13:50:46,821 INFO o.a.j.t.JMeterThread: Thread finished: Thread Group 1-16
2024-10-18 13:50:46,821 INFO o.a.j.t.JMeterThread: Stopping: Thread Group 1-11
2024-10-18 13:50:46,821 WARN o.a.j.t.JMeterThread: Interrupting: Thread Group 1-11 sampler: HTTP Request
2024-10-18 13:50:46,821 INFO o.a.j.t.JMeterThread: Stopping: Thread Group 1-1
2024-10-18 13:50:46,821 WARN o.a.j.t.JMeterThread: Interrupting: Thread Group 1-1 sampler: HTTP Request
2024-10-18 13:50:46,821 INFO o.a.j.t.JMeterThread: Thread finished: Thread Group 1-4
2024-10-18 13:50:46,821 INFO o.a.j.t.JMeterThread: Stopping: Thread Group 1-5
2024-10-18 13:50:46,821 INFO o.a.j.t.JMeterThread: Thread finished: Thread Group 1-11
2024-10-18 13:50:46,821 WARN o.a.j.t.JMeterThread: Interrupting: Thread Group 1-5 sampler: HTTP Request
2024-10-18 13:50:46,821 INFO o.a.j.t.JMeterThread: Thread finished: Thread Group 1-1
2024-10-18 13:50:46,821 INFO o.a.j.t.JMeterThread: Stopping: Thread Group 1-9
2024-10-18 13:50:46,821 WARN o.a.j.t.JMeterThread: Interrupting: Thread Group 1-9 sampler: HTTP Request
2024-10-18 13:50:46,821 INFO o.a.j.t.JMeterThread: Thread finished: Thread Group 1-9
2024-10-18 13:50:46,821 INFO o.a.j.t.JMeterThread: Thread finished: Thread Group 1-5
2024-10-18 13:50:46,821 INFO o.a.j.e.StandardJMeterEngine: Notifying test listeners of end of test
2024-10-18 13:50:46,822 INFO o.a.j.g.u.JMeterMenuBar: setRunning(false, *local*)
2024-10-18 14:23:46,786 INFO o.a.j.e.StandardJMeterEngine: Running the test!
2024-10-18 14:23:46,787 INFO o.a.j.s.SampleEvent: List of sample_variables: []
2024-10-18 14:23:46,788 INFO o.a.j.g.u.JMeterMenuBar: setRunning(true, *local*)
2024-10-18 14:23:46,879 INFO o.a.j.e.StandardJMeterEngine: Starting ThreadGroup: 1 : Thread Group
2024-10-18 14:23:46,880 INFO o.a.j.e.StandardJMeterEngine: Starting 20 threads for group Thread Group.
2024-10-18 14:23:46,880 INFO o.a.j.e.StandardJMeterEngine: Thread will continue on error
2024-10-18 14:23:46,880 INFO o.a.j.t.ThreadGroup: Starting thread group... number=1 threads=20 ramp-up=10 delayedStart=false
2024-10-18 14:23:46,880 INFO o.a.j.t.JMeterThread: Thread started: Thread Group 1-1
2024-10-18 14:23:46,884 INFO o.a.j.t.ThreadGroup: Started thread group number 1
2024-10-18 14:23:46,884 INFO o.a.j.e.StandardJMeterEngine: All thread groups have been started
2024-10-18 14:23:47,385 INFO o.a.j.t.JMeterThread: Thread started: Thread Group 1-2
2024-10-18 14:23:47,881 INFO o.a.j.t.JMeterThread: Thread started: Thread Group 1-3
2024-10-18 14:23:48,386 INFO o.a.j.t.JMeterThread: Thread started: Thread Group 1-4
2024-10-18 14:23:48,886 INFO o.a.j.t.JMeterThread: Thread started: Thread Group 1-5
2024-10-18 14:23:49,381 INFO o.a.j.t.JMeterThread: Thread started: Thread Group 1-6
2024-10-18 14:23:49,881 INFO o.a.j.t.JMeterThread: Thread started: Thread Group 1-7
2024-10-18 14:23:50,385 INFO o.a.j.t.JMeterThread: Thread started: Thread Group 1-8
2024-10-18 14:23:50,883 INFO o.a.j.t.JMeterThread: Thread started: Thread Group 1-9
2024-10-18 14:23:51,381 INFO o.a.j.t.JMeterThread: Thread started: Thread Group 1-10
2024-10-18 14:23:51,881 INFO o.a.j.t.JMeterThread: Thread started: Thread Group 1-11
2024-10-18 14:23:52,385 INFO o.a.j.t.JMeterThread: Thread started: Thread Group 1-12
2024-10-18 14:23:52,883 INFO o.a.j.t.JMeterThread: Thread started: Thread Group 1-13
2024-10-18 14:23:53,388 INFO o.a.j.t.JMeterThread: Thread started: Thread Group 1-14
2024-10-18 14:23:53,885 INFO o.a.j.t.JMeterThread: Thread started: Thread Group 1-15
2024-10-18 14:23:54,382 INFO o.a.j.t.JMeterThread: Thread started: Thread Group 1-16
2024-10-18 14:23:54,882 INFO o.a.j.t.JMeterThread: Thread started: Thread Group 1-17
2024-10-18 14:23:55,385 INFO o.a.j.t.JMeterThread: Thread started: Thread Group 1-18
2024-10-18 14:23:55,886 INFO o.a.j.t.JMeterThread: Thread started: Thread Group 1-19
2024-10-18 14:23:56,386 INFO o.a.j.t.JMeterThread: Thread started: Thread Group 1-20
2024-10-18 14:26:46,427 INFO o.a.j.g.a.Start: Stopping test
2024-10-18 14:26:46,453 INFO o.a.j.t.JMeterThread: Stopping: Thread Group 1-12
2024-10-18 14:26:46,453 WARN o.a.j.t.JMeterThread: Interrupting: Thread Group 1-12 sampler: HTTP Request
2024-10-18 14:26:46,454 INFO o.a.j.t.JMeterThread: Stopping: Thread Group 1-18
2024-10-18 14:26:46,454 WARN o.a.j.t.JMeterThread: Interrupting: Thread Group 1-18 sampler: HTTP Request
2024-10-18 14:26:46,454 INFO o.a.j.t.JMeterThread: Thread finished: Thread Group 1-12
2024-10-18 14:26:46,454 INFO o.a.j.t.JMeterThread: Stopping: Thread Group 1-10
2024-10-18 14:26:46,454 WARN o.a.j.t.JMeterThread: Interrupting: Thread Group 1-10 sampler: HTTP Request
2024-10-18 14:26:46,454 INFO o.a.j.t.JMeterThread: Stopping: Thread Group 1-7
2024-10-18 14:26:46,455 WARN o.a.j.t.JMeterThread: Interrupting: Thread Group 1-7 sampler: HTTP Request
2024-10-18 14:26:46,455 INFO o.a.j.t.JMeterThread: Thread finished: Thread Group 1-10
2024-10-18 14:26:46,455 INFO o.a.j.t.JMeterThread: Thread finished: Thread Group 1-18
2024-10-18 14:26:46,455 INFO o.a.j.t.JMeterThread: Stopping: Thread Group 1-2
2024-10-18 14:26:46,455 INFO o.a.j.t.JMeterThread: Thread finished: Thread Group 1-7
2024-10-18 14:26:46,455 WARN o.a.j.t.JMeterThread: Interrupting: Thread Group 1-2 sampler: HTTP Request
2024-10-18 14:26:46,455 INFO o.a.j.t.JMeterThread: Stopping: Thread Group 1-4
2024-10-18 14:26:46,455 WARN o.a.j.t.JMeterThread: Interrupting: Thread Group 1-4 sampler: HTTP Request
2024-10-18 14:26:46,456 INFO o.a.j.t.JMeterThread: Thread finished: Thread Group 1-2
2024-10-18 14:26:46,456 INFO o.a.j.t.JMeterThread: Stopping: Thread Group 1-1
2024-10-18 14:26:46,456 WARN o.a.j.t.JMeterThread: Interrupting: Thread Group 1-1 sampler: HTTP Request
2024-10-18 14:26:46,456 INFO o.a.j.t.JMeterThread: Thread finished: Thread Group 1-4
2024-10-18 14:26:46,456 INFO o.a.j.t.JMeterThread: Stopping: Thread Group 1-3
2024-10-18 14:26:46,456 WARN o.a.j.t.JMeterThread: Interrupting: Thread Group 1-3 sampler: HTTP Request
2024-10-18 14:26:46,456 INFO o.a.j.t.JMeterThread: Thread finished: Thread Group 1-1
2024-10-18 14:26:46,456 INFO o.a.j.t.JMeterThread: Stopping: Thread Group 1-5
2024-10-18 14:26:46,456 WARN o.a.j.t.JMeterThread: Interrupting: Thread Group 1-5 sampler: HTTP Request
2024-10-18 14:26:46,456 INFO o.a.j.t.JMeterThread: Thread finished: Thread Group 1-3
2024-10-18 14:26:46,456 INFO o.a.j.t.JMeterThread: Stopping: Thread Group 1-6
2024-10-18 14:26:46,456 WARN o.a.j.t.JMeterThread: Interrupting: Thread Group 1-6 sampler: HTTP Request
2024-10-18 14:26:46,456 INFO o.a.j.t.JMeterThread: Thread finished: Thread Group 1-5
2024-10-18 14:26:46,456 INFO o.a.j.t.JMeterThread: Stopping: Thread Group 1-19
2024-10-18 14:26:46,456 WARN o.a.j.t.JMeterThread: Interrupting: Thread Group 1-19 sampler: HTTP Request
2024-10-18 14:26:46,457 INFO o.a.j.t.JMeterThread: Stopping: Thread Group 1-14
2024-10-18 14:26:46,457 WARN o.a.j.t.JMeterThread: Interrupting: Thread Group 1-14 sampler: HTTP Request
2024-10-18 14:26:46,457 INFO o.a.j.t.JMeterThread: Thread finished: Thread Group 1-19
2024-10-18 14:26:46,457 INFO o.a.j.t.JMeterThread: Thread finished: Thread Group 1-6
2024-10-18 14:26:46,457 INFO o.a.j.t.JMeterThread: Stopping: Thread Group 1-11
2024-10-18 14:26:46,457 WARN o.a.j.t.JMeterThread: Interrupting: Thread Group 1-11 sampler: HTTP Request
2024-10-18 14:26:46,457 INFO o.a.j.t.JMeterThread: Thread finished: Thread Group 1-14
2024-10-18 14:26:46,457 INFO o.a.j.t.JMeterThread: Stopping: Thread Group 1-13
2024-10-18 14:26:46,457 WARN o.a.j.t.JMeterThread: Interrupting: Thread Group 1-13 sampler: HTTP Request
2024-10-18 14:26:46,457 INFO o.a.j.t.JMeterThread: Thread finished: Thread Group 1-11
2024-10-18 14:26:46,458 INFO o.a.j.t.JMeterThread: Stopping: Thread Group 1-15
2024-10-18 14:26:46,458 INFO o.a.j.t.JMeterThread: Thread finished: Thread Group 1-13
2024-10-18 14:26:46,458 WARN o.a.j.t.JMeterThread: Interrupting: Thread Group 1-15 sampler: HTTP Request
2024-10-18 14:26:46,458 INFO o.a.j.t.JMeterThread: Stopping: Thread Group 1-20
2024-10-18 14:26:46,458 WARN o.a.j.t.JMeterThread: Interrupting: Thread Group 1-20 sampler: HTTP Request
2024-10-18 14:26:46,458 INFO o.a.j.t.JMeterThread: Thread finished: Thread Group 1-15
2024-10-18 14:26:46,458 INFO o.a.j.t.JMeterThread: Stopping: Thread Group 1-9
2024-10-18 14:26:46,458 WARN o.a.j.t.JMeterThread: Interrupting: Thread Group 1-9 sampler: HTTP Request
2024-10-18 14:26:46,458 INFO o.a.j.t.JMeterThread: Thread finished: Thread Group 1-20
2024-10-18 14:26:46,458 INFO o.a.j.t.JMeterThread: Stopping: Thread Group 1-16
2024-10-18 14:26:46,458 WARN o.a.j.t.JMeterThread: Interrupting: Thread Group 1-16 sampler: HTTP Request
2024-10-18 14:26:46,458 INFO o.a.j.t.JMeterThread: Thread finished: Thread Group 1-9
2024-10-18 14:26:46,458 INFO o.a.j.t.JMeterThread: Stopping: Thread Group 1-17
2024-10-18 14:26:46,458 WARN o.a.j.t.JMeterThread: Interrupting: Thread Group 1-17 sampler: HTTP Request
2024-10-18 14:26:46,458 INFO o.a.j.t.JMeterThread: Thread finished: Thread Group 1-16
2024-10-18 14:26:46,458 INFO o.a.j.t.JMeterThread: Stopping: Thread Group 1-8
2024-10-18 14:26:46,458 WARN o.a.j.t.JMeterThread: Interrupting: Thread Group 1-8 sampler: HTTP Request
2024-10-18 14:26:46,459 INFO o.a.j.t.JMeterThread: Thread finished: Thread Group 1-17
2024-10-18 14:26:46,459 INFO o.a.j.t.JMeterThread: Thread finished: Thread Group 1-8
2024-10-18 14:26:46,459 INFO o.a.j.e.StandardJMeterEngine: Notifying test listeners of end of test
2024-10-18 14:26:46,459 INFO o.a.j.g.u.JMeterMenuBar: setRunning(false, *local*)
2024-10-18 14:26:55,884 INFO o.a.j.e.StandardJMeterEngine: Running the test!
2024-10-18 14:26:55,884 INFO o.a.j.s.SampleEvent: List of sample_variables: []
2024-10-18 14:26:55,885 INFO o.a.j.g.u.JMeterMenuBar: setRunning(true, *local*)
2024-10-18 14:26:55,919 INFO o.a.j.e.StandardJMeterEngine: Starting ThreadGroup: 1 : Thread Group
2024-10-18 14:26:55,919 INFO o.a.j.e.StandardJMeterEngine: Starting 30 threads for group Thread Group.
2024-10-18 14:26:55,919 INFO o.a.j.e.StandardJMeterEngine: Thread will continue on error
2024-10-18 14:26:55,919 INFO o.a.j.t.ThreadGroup: Starting thread group... number=1 threads=30 ramp-up=10 delayedStart=false
2024-10-18 14:26:55,920 INFO o.a.j.t.JMeterThread: Thread started: Thread Group 1-1
2024-10-18 14:26:55,923 INFO o.a.j.t.ThreadGroup: Started thread group number 1
2024-10-18 14:26:55,923 INFO o.a.j.e.StandardJMeterEngine: All thread groups have been started
2024-10-18 14:26:56,255 INFO o.a.j.t.JMeterThread: Thread started: Thread Group 1-2
2024-10-18 14:26:56,590 INFO o.a.j.t.JMeterThread: Thread started: Thread Group 1-3
2024-10-18 14:26:56,923 INFO o.a.j.t.JMeterThread: Thread started: Thread Group 1-4
2024-10-18 14:26:57,256 INFO o.a.j.t.JMeterThread: Thread started: Thread Group 1-5
2024-10-18 14:26:57,589 INFO o.a.j.t.JMeterThread: Thread started: Thread Group 1-6
2024-10-18 14:26:57,922 INFO o.a.j.t.JMeterThread: Thread started: Thread Group 1-7
2024-10-18 14:26:58,255 INFO o.a.j.t.JMeterThread: Thread started: Thread Group 1-8
2024-10-18 14:26:58,588 INFO o.a.j.t.JMeterThread: Thread started: Thread Group 1-9
2024-10-18 14:26:58,922 INFO o.a.j.t.JMeterThread: Thread started: Thread Group 1-10
2024-10-18 14:26:59,254 INFO o.a.j.t.JMeterThread: Thread started: Thread Group 1-11
2024-10-18 14:26:59,587 INFO o.a.j.t.JMeterThread: Thread started: Thread Group 1-12
2024-10-18 14:26:59,917 INFO o.a.j.t.JMeterThread: Thread started: Thread Group 1-13
2024-10-18 14:27:00,250 INFO o.a.j.t.JMeterThread: Thread started: Thread Group 1-14
2024-10-18 14:27:00,586 INFO o.a.j.t.JMeterThread: Thread started: Thread Group 1-15
2024-10-18 14:27:00,916 INFO o.a.j.t.JMeterThread: Thread started: Thread Group 1-16
2024-10-18 14:27:01,249 INFO o.a.j.t.JMeterThread: Thread started: Thread Group 1-17
2024-10-18 14:27:01,580 INFO o.a.j.t.JMeterThread: Thread started: Thread Group 1-18
2024-10-18 14:27:01,915 INFO o.a.j.t.JMeterThread: Thread started: Thread Group 1-19
2024-10-18 14:27:02,252 INFO o.a.j.t.JMeterThread: Thread started: Thread Group 1-20
2024-10-18 14:27:02,584 INFO o.a.j.t.JMeterThread: Thread started: Thread Group 1-21
2024-10-18 14:27:02,917 INFO o.a.j.t.JMeterThread: Thread started: Thread Group 1-22
2024-10-18 14:27:03,250 INFO o.a.j.t.JMeterThread: Thread started: Thread Group 1-23
2024-10-18 14:27:03,583 INFO o.a.j.t.JMeterThread: Thread started: Thread Group 1-24
2024-10-18 14:27:03,912 INFO o.a.j.t.JMeterThread: Thread started: Thread Group 1-25
2024-10-18 14:27:04,246 INFO o.a.j.t.JMeterThread: Thread started: Thread Group 1-26
2024-10-18 14:27:04,584 INFO o.a.j.t.JMeterThread: Thread started: Thread Group 1-27
2024-10-18 14:27:04,913 INFO o.a.j.t.JMeterThread: Thread started: Thread Group 1-28
2024-10-18 14:27:05,246 INFO o.a.j.t.JMeterThread: Thread started: Thread Group 1-29
2024-10-18 14:27:05,578 INFO o.a.j.t.JMeterThread: Thread started: Thread Group 1-30
2024-10-18 14:33:55,437 INFO o.a.j.g.a.Start: Stopping test
2024-10-18 14:33:55,460 INFO o.a.j.t.JMeterThread: Stopping: Thread Group 1-11
2024-10-18 14:33:55,461 WARN o.a.j.t.JMeterThread: Interrupting: Thread Group 1-11 sampler: HTTP Request
2024-10-18 14:33:55,461 INFO o.a.j.t.JMeterThread: Stopping: Thread Group 1-27
2024-10-18 14:33:55,462 WARN o.a.j.t.JMeterThread: Interrupting: Thread Group 1-27 sampler: HTTP Request
2024-10-18 14:33:55,462 INFO o.a.j.t.JMeterThread: Stopping: Thread Group 1-22
2024-10-18 14:33:55,462 WARN o.a.j.t.JMeterThread: Interrupting: Thread Group 1-22 sampler: HTTP Request
2024-10-18 14:33:55,462 INFO o.a.j.t.JMeterThread: Stopping: Thread Group 1-19
2024-10-18 14:33:55,462 WARN o.a.j.t.JMeterThread: Interrupting: Thread Group 1-19 sampler: HTTP Request
2024-10-18 14:33:55,462 INFO o.a.j.t.JMeterThread: Thread finished: Thread Group 1-27
2024-10-18 14:33:55,462 INFO o.a.j.t.JMeterThread: Thread finished: Thread Group 1-11
2024-10-18 14:33:55,462 INFO o.a.j.t.JMeterThread: Stopping: Thread Group 1-4
2024-10-18 14:33:55,462 WARN o.a.j.t.JMeterThread: Interrupting: Thread Group 1-4 sampler: HTTP Request
2024-10-18 14:33:55,463 INFO o.a.j.t.JMeterThread: Thread finished: Thread Group 1-19
2024-10-18 14:33:55,463 INFO o.a.j.t.JMeterThread: Stopping: Thread Group 1-6
2024-10-18 14:33:55,463 WARN o.a.j.t.JMeterThread: Interrupting: Thread Group 1-6 sampler: HTTP Request
2024-10-18 14:33:55,463 INFO o.a.j.t.JMeterThread: Thread finished: Thread Group 1-22
2024-10-18 14:33:55,463 INFO o.a.j.t.JMeterThread: Thread finished: Thread Group 1-4
2024-10-18 14:33:55,463 INFO o.a.j.t.JMeterThread: Stopping: Thread Group 1-16
2024-10-18 14:33:55,463 WARN o.a.j.t.JMeterThread: Interrupting: Thread Group 1-16 sampler: HTTP Request
2024-10-18 14:33:55,463 INFO o.a.j.t.JMeterThread: Thread finished: Thread Group 1-6
2024-10-18 14:33:55,463 INFO o.a.j.t.JMeterThread: Stopping: Thread Group 1-14
2024-10-18 14:33:55,463 WARN o.a.j.t.JMeterThread: Interrupting: Thread Group 1-14 sampler: HTTP Request
2024-10-18 14:33:55,463 INFO o.a.j.t.JMeterThread: Thread finished: Thread Group 1-16
2024-10-18 14:33:55,463 INFO o.a.j.t.JMeterThread: Stopping: Thread Group 1-21
2024-10-18 14:33:55,463 WARN o.a.j.t.JMeterThread: Interrupting: Thread Group 1-21 sampler: HTTP Request
2024-10-18 14:33:55,463 INFO o.a.j.t.JMeterThread: Thread finished: Thread Group 1-14
2024-10-18 14:33:55,463 INFO o.a.j.t.JMeterThread: Stopping: Thread Group 1-15
2024-10-18 14:33:55,463 WARN o.a.j.t.JMeterThread: Interrupting: Thread Group 1-15 sampler: HTTP Request
2024-10-18 14:33:55,464 INFO o.a.j.t.JMeterThread: Thread finished: Thread Group 1-21
2024-10-18 14:33:55,464 INFO o.a.j.t.JMeterThread: Stopping: Thread Group 1-10
2024-10-18 14:33:55,464 WARN o.a.j.t.JMeterThread: Interrupting: Thread Group 1-10 sampler: HTTP Request
2024-10-18 14:33:55,464 INFO o.a.j.t.JMeterThread: Thread finished: Thread Group 1-15
2024-10-18 14:33:55,464 INFO o.a.j.t.JMeterThread: Stopping: Thread Group 1-9
2024-10-18 14:33:55,464 WARN o.a.j.t.JMeterThread: Interrupting: Thread Group 1-9 sampler: HTTP Request
2024-10-18 14:33:55,464 INFO o.a.j.t.JMeterThread: Thread finished: Thread Group 1-10
2024-10-18 14:33:55,464 INFO o.a.j.t.JMeterThread: Stopping: Thread Group 1-7
2024-10-18 14:33:55,464 WARN o.a.j.t.JMeterThread: Interrupting: Thread Group 1-7 sampler: HTTP Request
2024-10-18 14:33:55,464 INFO o.a.j.t.JMeterThread: Thread finished: Thread Group 1-9
2024-10-18 14:33:55,464 INFO o.a.j.t.JMeterThread: Stopping: Thread Group 1-2
2024-10-18 14:33:55,464 WARN o.a.j.t.JMeterThread: Interrupting: Thread Group 1-2 sampler: HTTP Request
2024-10-18 14:33:55,464 INFO o.a.j.t.JMeterThread: Stopping: Thread Group 1-1
2024-10-18 14:33:55,464 WARN o.a.j.t.JMeterThread: Interrupting: Thread Group 1-1 sampler: HTTP Request
2024-10-18 14:33:55,464 INFO o.a.j.t.JMeterThread: Thread finished: Thread Group 1-7
2024-10-18 14:33:55,464 INFO o.a.j.t.JMeterThread: Thread finished: Thread Group 1-2
2024-10-18 14:33:55,464 INFO o.a.j.t.JMeterThread: Stopping: Thread Group 1-5
2024-10-18 14:33:55,464 WARN o.a.j.t.JMeterThread: Interrupting: Thread Group 1-5 sampler: HTTP Request
2024-10-18 14:33:55,465 INFO o.a.j.t.JMeterThread: Thread finished: Thread Group 1-1
2024-10-18 14:33:55,465 INFO o.a.j.t.JMeterThread: Stopping: Thread Group 1-18
2024-10-18 14:33:55,465 WARN o.a.j.t.JMeterThread: Interrupting: Thread Group 1-18 sampler: HTTP Request
2024-10-18 14:33:55,465 INFO o.a.j.t.JMeterThread: Thread finished: Thread Group 1-5
2024-10-18 14:33:55,465 INFO o.a.j.t.JMeterThread: Stopping: Thread Group 1-8
2024-10-18 14:33:55,465 WARN o.a.j.t.JMeterThread: Interrupting: Thread Group 1-8 sampler: HTTP Request
2024-10-18 14:33:55,465 INFO o.a.j.t.JMeterThread: Stopping: Thread Group 1-20
2024-10-18 14:33:55,465 INFO o.a.j.t.JMeterThread: Thread finished: Thread Group 1-18
2024-10-18 14:33:55,465 WARN o.a.j.t.JMeterThread: Interrupting: Thread Group 1-20 sampler: HTTP Request
2024-10-18 14:33:55,465 INFO o.a.j.t.JMeterThread: Thread finished: Thread Group 1-8
2024-10-18 14:33:55,465 INFO o.a.j.t.JMeterThread: Stopping: Thread Group 1-24
2024-10-18 14:33:55,465 WARN o.a.j.t.JMeterThread: Interrupting: Thread Group 1-24 sampler: HTTP Request
2024-10-18 14:33:55,465 INFO o.a.j.t.JMeterThread: Thread finished: Thread Group 1-20
2024-10-18 14:33:55,465 INFO o.a.j.t.JMeterThread: Stopping: Thread Group 1-25
2024-10-18 14:33:55,465 WARN o.a.j.t.JMeterThread: Interrupting: Thread Group 1-25 sampler: HTTP Request
2024-10-18 14:33:55,465 INFO o.a.j.t.JMeterThread: Stopping: Thread Group 1-30
2024-10-18 14:33:55,466 WARN o.a.j.t.JMeterThread: Interrupting: Thread Group 1-30 sampler: HTTP Request
2024-10-18 14:33:55,466 INFO o.a.j.t.JMeterThread: Thread finished: Thread Group 1-24
2024-10-18 14:33:55,466 INFO o.a.j.t.JMeterThread: Stopping: Thread Group 1-13
2024-10-18 14:33:55,466 WARN o.a.j.t.JMeterThread: Interrupting: Thread Group 1-13 sampler: HTTP Request
2024-10-18 14:33:55,466 INFO o.a.j.t.JMeterThread: Thread finished: Thread Group 1-30
2024-10-18 14:33:55,466 INFO o.a.j.t.JMeterThread: Stopping: Thread Group 1-23
2024-10-18 14:33:55,466 WARN o.a.j.t.JMeterThread: Interrupting: Thread Group 1-23 sampler: HTTP Request
2024-10-18 14:33:55,466 INFO o.a.j.t.JMeterThread: Thread finished: Thread Group 1-13
2024-10-18 14:33:55,466 INFO o.a.j.t.JMeterThread: Stopping: Thread Group 1-3
2024-10-18 14:33:55,466 WARN o.a.j.t.JMeterThread: Interrupting: Thread Group 1-3 sampler: HTTP Request
2024-10-18 14:33:55,466 INFO o.a.j.t.JMeterThread: Thread finished: Thread Group 1-23
2024-10-18 14:33:55,466 INFO o.a.j.t.JMeterThread: Stopping: Thread Group 1-26
2024-10-18 14:33:55,466 WARN o.a.j.t.JMeterThread: Interrupting: Thread Group 1-26 sampler: HTTP Request
2024-10-18 14:33:55,466 INFO o.a.j.t.JMeterThread: Thread finished: Thread Group 1-3
2024-10-18 14:33:55,466 INFO o.a.j.t.JMeterThread: Stopping: Thread Group 1-17
2024-10-18 14:33:55,466 WARN o.a.j.t.JMeterThread: Interrupting: Thread Group 1-17 sampler: HTTP Request
2024-10-18 14:33:55,466 INFO o.a.j.t.JMeterThread: Thread finished: Thread Group 1-26
2024-10-18 14:33:55,466 INFO o.a.j.t.JMeterThread: Stopping: Thread Group 1-28
2024-10-18 14:33:55,466 INFO o.a.j.t.JMeterThread: Thread finished: Thread Group 1-17
2024-10-18 14:33:55,466 WARN o.a.j.t.JMeterThread: Interrupting: Thread Group 1-28 sampler: HTTP Request
2024-10-18 14:33:55,467 INFO o.a.j.t.JMeterThread: Stopping: Thread Group 1-29
2024-10-18 14:33:55,467 WARN o.a.j.t.JMeterThread: Interrupting: Thread Group 1-29 sampler: HTTP Request
2024-10-18 14:33:55,467 INFO o.a.j.t.JMeterThread: Thread finished: Thread Group 1-25
2024-10-18 14:33:55,467 INFO o.a.j.t.JMeterThread: Thread finished: Thread Group 1-28
2024-10-18 14:33:55,467 INFO o.a.j.t.JMeterThread: Stopping: Thread Group 1-12
2024-10-18 14:33:55,467 WARN o.a.j.t.JMeterThread: Interrupting: Thread Group 1-12 sampler: HTTP Request
2024-10-18 14:33:55,467 INFO o.a.j.t.JMeterThread: Thread finished: Thread Group 1-29
2024-10-18 14:33:55,467 INFO o.a.j.t.JMeterThread: Thread finished: Thread Group 1-12
2024-10-18 14:33:55,467 INFO o.a.j.e.StandardJMeterEngine: Notifying test listeners of end of test
2024-10-18 14:33:55,467 INFO o.a.j.g.u.JMeterMenuBar: setRunning(false, *local*)
